20:02:55 **** Build of configuration Default for project code ****
make all 
mkdir build		
arm-none-eabi-gcc -c -mcpu=cortex-m3 -mthumb   -DUSE_HAL_DRIVER -DSTM32F103x6 -ICore/Inc -IDrivers/STM32F1xx_HAL_Driver/Inc -IDrivers/STM32F1xx_HAL_Driver/Inc/Legacy -IMiddlewares/Third_Party/FreeRTOS/Source/include -IMiddlewares/Third_Party/FreeRTOS/Source/CMSIS_RTOS_V2 -IMiddlewares/Third_Party/FreeRTOS/Source/portable/GCC/ARM_CM3 -IDrivers/CMSIS/Device/ST/STM32F1xx/Include -IDrivers/CMSIS/Include -Og -Wall -fdata-sections -ffunction-sections -g -gdwarf-2 -fdebug-prefix-map==../ -MMD -MP -MF"build/driver_temp.d" -mlong-calls -Wall -Wextra -Wa,-a,-ad,-alms=build/driver_temp.lst Core/Src/driver_temp.c -o build/driver_temp.o
Core/Src/driver_temp.c: In function 'HAL_ADC_ConvCpltCallback':
Core/Src/driver_temp.c:22:50: warning: unused parameter 'hadc' [-Wunused-parameter]
   22 | void HAL_ADC_ConvCpltCallback(ADC_HandleTypeDef *hadc)
      |                               ~~~~~~~~~~~~~~~~~~~^~~~
Core/Src/driver_temp.c: In function 'TEMP_Task':
Core/Src/driver_temp.c:29:29: warning: unused parameter 'parameter' [-Wunused-parameter]
   29 | static void TEMP_Task(void *parameter)
      |                       ~~~~~~^~~~~~~~~
arm-none-eabi-gcc -c -mcpu=cortex-m3 -mthumb   -DUSE_HAL_DRIVER -DSTM32F103x6 -ICore/Inc -IDrivers/STM32F1xx_HAL_Driver/Inc -IDrivers/STM32F1xx_HAL_Driver/Inc/Legacy -IMiddlewares/Third_Party/FreeRTOS/Source/include -IMiddlewares/Third_Party/FreeRTOS/Source/CMSIS_RTOS_V2 -IMiddlewares/Third_Party/FreeRTOS/Source/portable/GCC/ARM_CM3 -IDrivers/CMSIS/Device/ST/STM32F1xx/Include -IDrivers/CMSIS/Include -Og -Wall -fdata-sections -ffunction-sections -g -gdwarf-2 -fdebug-prefix-map==../ -MMD -MP -MF"build/driver_motor.d" -mlong-calls -Wall -Wextra -Wa,-a,-ad,-alms=build/driver_motor.lst Core/Src/driver_motor.c -o build/driver_motor.o
arm-none-eabi-gcc -c -mcpu=cortex-m3 -mthumb   -DUSE_HAL_DRIVER -DSTM32F103x6 -ICore/Inc -IDrivers/STM32F1xx_HAL_Driver/Inc -IDrivers/STM32F1xx_HAL_Driver/Inc/Legacy -IMiddlewares/Third_Party/FreeRTOS/Source/include -IMiddlewares/Third_Party/FreeRTOS/Source/CMSIS_RTOS_V2 -IMiddlewares/Third_Party/FreeRTOS/Source/portable/GCC/ARM_CM3 -IDrivers/CMSIS/Device/ST/STM32F1xx/Include -IDrivers/CMSIS/Include -Og -Wall -fdata-sections -ffunction-sections -g -gdwarf-2 -fdebug-prefix-map==../ -MMD -MP -MF"build/driver_uart.d" -mlong-calls -Wall -Wextra -Wa,-a,-ad,-alms=build/driver_uart.lst Core/Src/driver_uart.c -o build/driver_uart.o
Core/Src/driver_uart.c: In function 'UART_TransmitTask':
Core/Src/driver_uart.c:26:37: warning: unused parameter 'parameters' [-Wunused-parameter]
   26 | static void UART_TransmitTask(void *parameters)
      |                               ~~~~~~^~~~~~~~~~
Core/Src/driver_uart.c: In function 'UART_ReceiveTask':
Core/Src/driver_uart.c:54:36: warning: unused parameter 'parameters' [-Wunused-parameter]
   54 | static void UART_ReceiveTask(void *parameters)
      |                              ~~~~~~^~~~~~~~~~
Core/Src/driver_uart.c: In function 'UART_AsyncTransmitDecimal':
Core/Src/driver_uart.c:125:15: warning: comparison of unsigned expression in '>= 0' is always true [-Wtype-limits]
  125 |  while (index >= 0 && decimal != 0)
      |               ^~
arm-none-eabi-gcc -c -mcpu=cortex-m3 -mthumb   -DUSE_HAL_DRIVER -DSTM32F103x6 -ICore/Inc -IDrivers/STM32F1xx_HAL_Driver/Inc -IDrivers/STM32F1xx_HAL_Driver/Inc/Legacy -IMiddlewares/Third_Party/FreeRTOS/Source/include -IMiddlewares/Third_Party/FreeRTOS/Source/CMSIS_RTOS_V2 -IMiddlewares/Third_Party/FreeRTOS/Source/portable/GCC/ARM_CM3 -IDrivers/CMSIS/Device/ST/STM32F1xx/Include -IDrivers/CMSIS/Include -Og -Wall -fdata-sections -ffunction-sections -g -gdwarf-2 -fdebug-prefix-map==../ -MMD -MP -MF"build/driver_lcd.d" -mlong-calls -Wall -Wextra -Wa,-a,-ad,-alms=build/driver_lcd.lst Core/Src/driver_lcd.c -o build/driver_lcd.o
Core/Src/driver_lcd.c: In function 'LCD_Task':
Core/Src/driver_lcd.c:37:28: warning: unused parameter 'parameter' [-Wunused-parameter]
   37 | static void LCD_Task(void *parameter)
      |                      ~~~~~~^~~~~~~~~
arm-none-eabi-gcc -c -mcpu=cortex-m3 -mthumb   -DUSE_HAL_DRIVER -DSTM32F103x6 -ICore/Inc -IDrivers/STM32F1xx_HAL_Driver/Inc -IDrivers/STM32F1xx_HAL_Driver/Inc/Legacy -IMiddlewares/Third_Party/FreeRTOS/Source/include -IMiddlewares/Third_Party/FreeRTOS/Source/CMSIS_RTOS_V2 -IMiddlewares/Third_Party/FreeRTOS/Source/portable/GCC/ARM_CM3 -IDrivers/CMSIS/Device/ST/STM32F1xx/Include -IDrivers/CMSIS/Include -Og -Wall -fdata-sections -ffunction-sections -g -gdwarf-2 -fdebug-prefix-map==../ -MMD -MP -MF"build/keypad.d" -mlong-calls -Wall -Wextra -Wa,-a,-ad,-alms=build/keypad.lst Core/Src/keypad.c -o build/keypad.o
arm-none-eabi-gcc -c -mcpu=cortex-m3 -mthumb   -DUSE_HAL_DRIVER -DSTM32F103x6 -ICore/Inc -IDrivers/STM32F1xx_HAL_Driver/Inc -IDrivers/STM32F1xx_HAL_Driver/Inc/Legacy -IMiddlewares/Third_Party/FreeRTOS/Source/include -IMiddlewares/Third_Party/FreeRTOS/Source/CMSIS_RTOS_V2 -IMiddlewares/Third_Party/FreeRTOS/Source/portable/GCC/ARM_CM3 -IDrivers/CMSIS/Device/ST/STM32F1xx/Include -IDrivers/CMSIS/Include -Og -Wall -fdata-sections -ffunction-sections -g -gdwarf-2 -fdebug-prefix-map==../ -MMD -MP -MF"build/homework.d" -mlong-calls -Wall -Wextra -Wa,-a,-ad,-alms=build/homework.lst Core/Src/homework.c -o build/homework.o
arm-none-eabi-gcc -c -mcpu=cortex-m3 -mthumb   -DUSE_HAL_DRIVER -DSTM32F103x6 -ICore/Inc -IDrivers/STM32F1xx_HAL_Driver/Inc -IDrivers/STM32F1xx_HAL_Driver/Inc/Legacy -IMiddlewares/Third_Party/FreeRTOS/Source/include -IMiddlewares/Third_Party/FreeRTOS/Source/CMSIS_RTOS_V2 -IMiddlewares/Third_Party/FreeRTOS/Source/portable/GCC/ARM_CM3 -IDrivers/CMSIS/Device/ST/STM32F1xx/Include -IDrivers/CMSIS/Include -Og -Wall -fdata-sections -ffunction-sections -g -gdwarf-2 -fdebug-prefix-map==../ -MMD -MP -MF"build/main.d" -mlong-calls -Wall -Wextra -Wa,-a,-ad,-alms=build/main.lst Core/Src/main.c -o build/main.o
arm-none-eabi-gcc -c -mcpu=cortex-m3 -mthumb   -DUSE_HAL_DRIVER -DSTM32F103x6 -ICore/Inc -IDrivers/STM32F1xx_HAL_Driver/Inc -IDrivers/STM32F1xx_HAL_Driver/Inc/Legacy -IMiddlewares/Third_Party/FreeRTOS/Source/include -IMiddlewares/Third_Party/FreeRTOS/Source/CMSIS_RTOS_V2 -IMiddlewares/Third_Party/FreeRTOS/Source/portable/GCC/ARM_CM3 -IDrivers/CMSIS/Device/ST/STM32F1xx/Include -IDrivers/CMSIS/Include -Og -Wall -fdata-sections -ffunction-sections -g -gdwarf-2 -fdebug-prefix-map==../ -MMD -MP -MF"build/gpio.d" -mlong-calls -Wall -Wextra -Wa,-a,-ad,-alms=build/gpio.lst Core/Src/gpio.c -o build/gpio.o
arm-none-eabi-gcc -c -mcpu=cortex-m3 -mthumb   -DUSE_HAL_DRIVER -DSTM32F103x6 -ICore/Inc -IDrivers/STM32F1xx_HAL_Driver/Inc -IDrivers/STM32F1xx_HAL_Driver/Inc/Legacy -IMiddlewares/Third_Party/FreeRTOS/Source/include -IMiddlewares/Third_Party/FreeRTOS/Source/CMSIS_RTOS_V2 -IMiddlewares/Third_Party/FreeRTOS/Source/portable/GCC/ARM_CM3 -IDrivers/CMSIS/Device/ST/STM32F1xx/Include -IDrivers/CMSIS/Include -Og -Wall -fdata-sections -ffunction-sections -g -gdwarf-2 -fdebug-prefix-map==../ -MMD -MP -MF"build/freertos.d" -mlong-calls -Wall -Wextra -Wa,-a,-ad,-alms=build/freertos.lst Core/Src/freertos.c -o build/freertos.o
Core/Src/freertos.c: In function 'StartDefaultTask':
Core/Src/freertos.c:115:29: warning: unused parameter 'argument' [-Wunused-parameter]
  115 | void StartDefaultTask(void *argument)
      |                       ~~~~~~^~~~~~~~
arm-none-eabi-gcc -c -mcpu=cortex-m3 -mthumb   -DUSE_HAL_DRIVER -DSTM32F103x6 -ICore/Inc -IDrivers/STM32F1xx_HAL_Driver/Inc -IDrivers/STM32F1xx_HAL_Driver/Inc/Legacy -IMiddlewares/Third_Party/FreeRTOS/Source/include -IMiddlewares/Third_Party/FreeRTOS/Source/CMSIS_RTOS_V2 -IMiddlewares/Third_Party/FreeRTOS/Source/portable/GCC/ARM_CM3 -IDrivers/CMSIS/Device/ST/STM32F1xx/Include -IDrivers/CMSIS/Include -Og -Wall -fdata-sections -ffunction-sections -g -gdwarf-2 -fdebug-prefix-map==../ -MMD -MP -MF"build/tim.d" -mlong-calls -Wall -Wextra -Wa,-a,-ad,-alms=build/tim.lst Core/Src/tim.c -o build/tim.o
arm-none-eabi-gcc -c -mcpu=cortex-m3 -mthumb   -DUSE_HAL_DRIVER -DSTM32F103x6 -ICore/Inc -IDrivers/STM32F1xx_HAL_Driver/Inc -IDrivers/STM32F1xx_HAL_Driver/Inc/Legacy -IMiddlewares/Third_Party/FreeRTOS/Source/include -IMiddlewares/Third_Party/FreeRTOS/Source/CMSIS_RTOS_V2 -IMiddlewares/Third_Party/FreeRTOS/Source/portable/GCC/ARM_CM3 -IDrivers/CMSIS/Device/ST/STM32F1xx/Include -IDrivers/CMSIS/Include -Og -Wall -fdata-sections -ffunction-sections -g -gdwarf-2 -fdebug-prefix-map==../ -MMD -MP -MF"build/usart.d" -mlong-calls -Wall -Wextra -Wa,-a,-ad,-alms=build/usart.lst Core/Src/usart.c -o build/usart.o
arm-none-eabi-gcc -c -mcpu=cortex-m3 -mthumb   -DUSE_HAL_DRIVER -DSTM32F103x6 -ICore/Inc -IDrivers/STM32F1xx_HAL_Driver/Inc -IDrivers/STM32F1xx_HAL_Driver/Inc/Legacy -IMiddlewares/Third_Party/FreeRTOS/Source/include -IMiddlewares/Third_Party/FreeRTOS/Source/CMSIS_RTOS_V2 -IMiddlewares/Third_Party/FreeRTOS/Source/portable/GCC/ARM_CM3 -IDrivers/CMSIS/Device/ST/STM32F1xx/Include -IDrivers/CMSIS/Include -Og -Wall -fdata-sections -ffunction-sections -g -gdwarf-2 -fdebug-prefix-map==../ -MMD -MP -MF"build/stm32f1xx_it.d" -mlong-calls -Wall -Wextra -Wa,-a,-ad,-alms=build/stm32f1xx_it.lst Core/Src/stm32f1xx_it.c -o build/stm32f1xx_it.o
arm-none-eabi-gcc -c -mcpu=cortex-m3 -mthumb   -DUSE_HAL_DRIVER -DSTM32F103x6 -ICore/Inc -IDrivers/STM32F1xx_HAL_Driver/Inc -IDrivers/STM32F1xx_HAL_Driver/Inc/Legacy -IMiddlewares/Third_Party/FreeRTOS/Source/include -IMiddlewares/Third_Party/FreeRTOS/Source/CMSIS_RTOS_V2 -IMiddlewares/Third_Party/FreeRTOS/Source/portable/GCC/ARM_CM3 -IDrivers/CMSIS/Device/ST/STM32F1xx/Include -IDrivers/CMSIS/Include -Og -Wall -fdata-sections -ffunction-sections -g -gdwarf-2 -fdebug-prefix-map==../ -MMD -MP -MF"build/stm32f1xx_hal_msp.d" -mlong-calls -Wall -Wextra -Wa,-a,-ad,-alms=build/stm32f1xx_hal_msp.lst Core/Src/stm32f1xx_hal_msp.c -o build/stm32f1xx_hal_msp.o
arm-none-eabi-gcc -c -mcpu=cortex-m3 -mthumb   -DUSE_HAL_DRIVER -DSTM32F103x6 -ICore/Inc -IDrivers/STM32F1xx_HAL_Driver/Inc -IDrivers/STM32F1xx_HAL_Driver/Inc/Legacy -IMiddlewares/Third_Party/FreeRTOS/Source/include -IMiddlewares/Third_Party/FreeRTOS/Source/CMSIS_RTOS_V2 -IMiddlewares/Third_Party/FreeRTOS/Source/portable/GCC/ARM_CM3 -IDrivers/CMSIS/Device/ST/STM32F1xx/Include -IDrivers/CMSIS/Include -Og -Wall -fdata-sections -ffunction-sections -g -gdwarf-2 -fdebug-prefix-map==../ -MMD -MP -MF"build/stm32f1xx_hal_timebase_tim.d" -mlong-calls -Wall -Wextra -Wa,-a,-ad,-alms=build/stm32f1xx_hal_timebase_tim.lst Core/Src/stm32f1xx_hal_timebase_tim.c -o build/stm32f1xx_hal_timebase_tim.o
arm-none-eabi-gcc -c -mcpu=cortex-m3 -mthumb   -DUSE_HAL_DRIVER -DSTM32F103x6 -ICore/Inc -IDrivers/STM32F1xx_HAL_Driver/Inc -IDrivers/STM32F1xx_HAL_Driver/Inc/Legacy -IMiddlewares/Third_Party/FreeRTOS/Source/include -IMiddlewares/Third_Party/FreeRTOS/Source/CMSIS_RTOS_V2 -IMiddlewares/Third_Party/FreeRTOS/Source/portable/GCC/ARM_CM3 -IDrivers/CMSIS/Device/ST/STM32F1xx/Include -IDrivers/CMSIS/Include -Og -Wall -fdata-sections -ffunction-sections -g -gdwarf-2 -fdebug-prefix-map==../ -MMD -MP -MF"build/stm32f1xx_hal_gpio_ex.d" -mlong-calls -Wall -Wextra -Wa,-a,-ad,-alms=build/stm32f1xx_hal_gpio_ex.lst Drivers/STM32F1xx_HAL_Driver/Src/stm32f1xx_hal_gpio_ex.c -o build/stm32f1xx_hal_gpio_ex.o
arm-none-eabi-gcc -c -mcpu=cortex-m3 -mthumb   -DUSE_HAL_DRIVER -DSTM32F103x6 -ICore/Inc -IDrivers/STM32F1xx_HAL_Driver/Inc -IDrivers/STM32F1xx_HAL_Driver/Inc/Legacy -IMiddlewares/Third_Party/FreeRTOS/Source/include -IMiddlewares/Third_Party/FreeRTOS/Source/CMSIS_RTOS_V2 -IMiddlewares/Third_Party/FreeRTOS/Source/portable/GCC/ARM_CM3 -IDrivers/CMSIS/Device/ST/STM32F1xx/Include -IDrivers/CMSIS/Include -Og -Wall -fdata-sections -ffunction-sections -g -gdwarf-2 -fdebug-prefix-map==../ -MMD -MP -MF"build/stm32f1xx_hal.d" -mlong-calls -Wall -Wextra -Wa,-a,-ad,-alms=build/stm32f1xx_hal.lst Drivers/STM32F1xx_HAL_Driver/Src/stm32f1xx_hal.c -o build/stm32f1xx_hal.o
arm-none-eabi-gcc -c -mcpu=cortex-m3 -mthumb   -DUSE_HAL_DRIVER -DSTM32F103x6 -ICore/Inc -IDrivers/STM32F1xx_HAL_Driver/Inc -IDrivers/STM32F1xx_HAL_Driver/Inc/Legacy -IMiddlewares/Third_Party/FreeRTOS/Source/include -IMiddlewares/Third_Party/FreeRTOS/Source/CMSIS_RTOS_V2 -IMiddlewares/Third_Party/FreeRTOS/Source/portable/GCC/ARM_CM3 -IDrivers/CMSIS/Device/ST/STM32F1xx/Include -IDrivers/CMSIS/Include -Og -Wall -fdata-sections -ffunction-sections -g -gdwarf-2 -fdebug-prefix-map==../ -MMD -MP -MF"build/stm32f1xx_hal_rcc.d" -mlong-calls -Wall -Wextra -Wa,-a,-ad,-alms=build/stm32f1xx_hal_rcc.lst Drivers/STM32F1xx_HAL_Driver/Src/stm32f1xx_hal_rcc.c -o build/stm32f1xx_hal_rcc.o
arm-none-eabi-gcc -c -mcpu=cortex-m3 -mthumb   -DUSE_HAL_DRIVER -DSTM32F103x6 -ICore/Inc -IDrivers/STM32F1xx_HAL_Driver/Inc -IDrivers/STM32F1xx_HAL_Driver/Inc/Legacy -IMiddlewares/Third_Party/FreeRTOS/Source/include -IMiddlewares/Third_Party/FreeRTOS/Source/CMSIS_RTOS_V2 -IMiddlewares/Third_Party/FreeRTOS/Source/portable/GCC/ARM_CM3 -IDrivers/CMSIS/Device/ST/STM32F1xx/Include -IDrivers/CMSIS/Include -Og -Wall -fdata-sections -ffunction-sections -g -gdwarf-2 -fdebug-prefix-map==../ -MMD -MP -MF"build/stm32f1xx_hal_rcc_ex.d" -mlong-calls -Wall -Wextra -Wa,-a,-ad,-alms=build/stm32f1xx_hal_rcc_ex.lst Drivers/STM32F1xx_HAL_Driver/Src/stm32f1xx_hal_rcc_ex.c -o build/stm32f1xx_hal_rcc_ex.o
arm-none-eabi-gcc -c -mcpu=cortex-m3 -mthumb   -DUSE_HAL_DRIVER -DSTM32F103x6 -ICore/Inc -IDrivers/STM32F1xx_HAL_Driver/Inc -IDrivers/STM32F1xx_HAL_Driver/Inc/Legacy -IMiddlewares/Third_Party/FreeRTOS/Source/include -IMiddlewares/Third_Party/FreeRTOS/Source/CMSIS_RTOS_V2 -IMiddlewares/Third_Party/FreeRTOS/Source/portable/GCC/ARM_CM3 -IDrivers/CMSIS/Device/ST/STM32F1xx/Include -IDrivers/CMSIS/Include -Og -Wall -fdata-sections -ffunction-sections -g -gdwarf-2 -fdebug-prefix-map==../ -MMD -MP -MF"build/stm32f1xx_hal_gpio.d" -mlong-calls -Wall -Wextra -Wa,-a,-ad,-alms=build/stm32f1xx_hal_gpio.lst Drivers/STM32F1xx_HAL_Driver/Src/stm32f1xx_hal_gpio.c -o build/stm32f1xx_hal_gpio.o
arm-none-eabi-gcc -c -mcpu=cortex-m3 -mthumb   -DUSE_HAL_DRIVER -DSTM32F103x6 -ICore/Inc -IDrivers/STM32F1xx_HAL_Driver/Inc -IDrivers/STM32F1xx_HAL_Driver/Inc/Legacy -IMiddlewares/Third_Party/FreeRTOS/Source/include -IMiddlewares/Third_Party/FreeRTOS/Source/CMSIS_RTOS_V2 -IMiddlewares/Third_Party/FreeRTOS/Source/portable/GCC/ARM_CM3 -IDrivers/CMSIS/Device/ST/STM32F1xx/Include -IDrivers/CMSIS/Include -Og -Wall -fdata-sections -ffunction-sections -g -gdwarf-2 -fdebug-prefix-map==../ -MMD -MP -MF"build/stm32f1xx_hal_dma.d" -mlong-calls -Wall -Wextra -Wa,-a,-ad,-alms=build/stm32f1xx_hal_dma.lst Drivers/STM32F1xx_HAL_Driver/Src/stm32f1xx_hal_dma.c -o build/stm32f1xx_hal_dma.o
arm-none-eabi-gcc -c -mcpu=cortex-m3 -mthumb   -DUSE_HAL_DRIVER -DSTM32F103x6 -ICore/Inc -IDrivers/STM32F1xx_HAL_Driver/Inc -IDrivers/STM32F1xx_HAL_Driver/Inc/Legacy -IMiddlewares/Third_Party/FreeRTOS/Source/include -IMiddlewares/Third_Party/FreeRTOS/Source/CMSIS_RTOS_V2 -IMiddlewares/Third_Party/FreeRTOS/Source/portable/GCC/ARM_CM3 -IDrivers/CMSIS/Device/ST/STM32F1xx/Include -IDrivers/CMSIS/Include -Og -Wall -fdata-sections -ffunction-sections -g -gdwarf-2 -fdebug-prefix-map==../ -MMD -MP -MF"build/stm32f1xx_hal_cortex.d" -mlong-calls -Wall -Wextra -Wa,-a,-ad,-alms=build/stm32f1xx_hal_cortex.lst Drivers/STM32F1xx_HAL_Driver/Src/stm32f1xx_hal_cortex.c -o build/stm32f1xx_hal_cortex.o
arm-none-eabi-gcc -c -mcpu=cortex-m3 -mthumb   -DUSE_HAL_DRIVER -DSTM32F103x6 -ICore/Inc -IDrivers/STM32F1xx_HAL_Driver/Inc -IDrivers/STM32F1xx_HAL_Driver/Inc/Legacy -IMiddlewares/Third_Party/FreeRTOS/Source/include -IMiddlewares/Third_Party/FreeRTOS/Source/CMSIS_RTOS_V2 -IMiddlewares/Third_Party/FreeRTOS/Source/portable/GCC/ARM_CM3 -IDrivers/CMSIS/Device/ST/STM32F1xx/Include -IDrivers/CMSIS/Include -Og -Wall -fdata-sections -ffunction-sections -g -gdwarf-2 -fdebug-prefix-map==../ -MMD -MP -MF"build/stm32f1xx_hal_pwr.d" -mlong-calls -Wall -Wextra -Wa,-a,-ad,-alms=build/stm32f1xx_hal_pwr.lst Drivers/STM32F1xx_HAL_Driver/Src/stm32f1xx_hal_pwr.c -o build/stm32f1xx_hal_pwr.o
arm-none-eabi-gcc -c -mcpu=cortex-m3 -mthumb   -DUSE_HAL_DRIVER -DSTM32F103x6 -ICore/Inc -IDrivers/STM32F1xx_HAL_Driver/Inc -IDrivers/STM32F1xx_HAL_Driver/Inc/Legacy -IMiddlewares/Third_Party/FreeRTOS/Source/include -IMiddlewares/Third_Party/FreeRTOS/Source/CMSIS_RTOS_V2 -IMiddlewares/Third_Party/FreeRTOS/Source/portable/GCC/ARM_CM3 -IDrivers/CMSIS/Device/ST/STM32F1xx/Include -IDrivers/CMSIS/Include -Og -Wall -fdata-sections -ffunction-sections -g -gdwarf-2 -fdebug-prefix-map==../ -MMD -MP -MF"build/stm32f1xx_hal_flash.d" -mlong-calls -Wall -Wextra -Wa,-a,-ad,-alms=build/stm32f1xx_hal_flash.lst Drivers/STM32F1xx_HAL_Driver/Src/stm32f1xx_hal_flash.c -o build/stm32f1xx_hal_flash.o
arm-none-eabi-gcc -c -mcpu=cortex-m3 -mthumb   -DUSE_HAL_DRIVER -DSTM32F103x6 -ICore/Inc -IDrivers/STM32F1xx_HAL_Driver/Inc -IDrivers/STM32F1xx_HAL_Driver/Inc/Legacy -IMiddlewares/Third_Party/FreeRTOS/Source/include -IMiddlewares/Third_Party/FreeRTOS/Source/CMSIS_RTOS_V2 -IMiddlewares/Third_Party/FreeRTOS/Source/portable/GCC/ARM_CM3 -IDrivers/CMSIS/Device/ST/STM32F1xx/Include -IDrivers/CMSIS/Include -Og -Wall -fdata-sections -ffunction-sections -g -gdwarf-2 -fdebug-prefix-map==../ -MMD -MP -MF"build/stm32f1xx_hal_flash_ex.d" -mlong-calls -Wall -Wextra -Wa,-a,-ad,-alms=build/stm32f1xx_hal_flash_ex.lst Drivers/STM32F1xx_HAL_Driver/Src/stm32f1xx_hal_flash_ex.c -o build/stm32f1xx_hal_flash_ex.o
arm-none-eabi-gcc -c -mcpu=cortex-m3 -mthumb   -DUSE_HAL_DRIVER -DSTM32F103x6 -ICore/Inc -IDrivers/STM32F1xx_HAL_Driver/Inc -IDrivers/STM32F1xx_HAL_Driver/Inc/Legacy -IMiddlewares/Third_Party/FreeRTOS/Source/include -IMiddlewares/Third_Party/FreeRTOS/Source/CMSIS_RTOS_V2 -IMiddlewares/Third_Party/FreeRTOS/Source/portable/GCC/ARM_CM3 -IDrivers/CMSIS/Device/ST/STM32F1xx/Include -IDrivers/CMSIS/Include -Og -Wall -fdata-sections -ffunction-sections -g -gdwarf-2 -fdebug-prefix-map==../ -MMD -MP -MF"build/stm32f1xx_hal_exti.d" -mlong-calls -Wall -Wextra -Wa,-a,-ad,-alms=build/stm32f1xx_hal_exti.lst Drivers/STM32F1xx_HAL_Driver/Src/stm32f1xx_hal_exti.c -o build/stm32f1xx_hal_exti.o
arm-none-eabi-gcc -c -mcpu=cortex-m3 -mthumb   -DUSE_HAL_DRIVER -DSTM32F103x6 -ICore/Inc -IDrivers/STM32F1xx_HAL_Driver/Inc -IDrivers/STM32F1xx_HAL_Driver/Inc/Legacy -IMiddlewares/Third_Party/FreeRTOS/Source/include -IMiddlewares/Third_Party/FreeRTOS/Source/CMSIS_RTOS_V2 -IMiddlewares/Third_Party/FreeRTOS/Source/portable/GCC/ARM_CM3 -IDrivers/CMSIS/Device/ST/STM32F1xx/Include -IDrivers/CMSIS/Include -Og -Wall -fdata-sections -ffunction-sections -g -gdwarf-2 -fdebug-prefix-map==../ -MMD -MP -MF"build/stm32f1xx_hal_tim.d" -mlong-calls -Wall -Wextra -Wa,-a,-ad,-alms=build/stm32f1xx_hal_tim.lst Drivers/STM32F1xx_HAL_Driver/Src/stm32f1xx_hal_tim.c -o build/stm32f1xx_hal_tim.o
arm-none-eabi-gcc -c -mcpu=cortex-m3 -mthumb   -DUSE_HAL_DRIVER -DSTM32F103x6 -ICore/Inc -IDrivers/STM32F1xx_HAL_Driver/Inc -IDrivers/STM32F1xx_HAL_Driver/Inc/Legacy -IMiddlewares/Third_Party/FreeRTOS/Source/include -IMiddlewares/Third_Party/FreeRTOS/Source/CMSIS_RTOS_V2 -IMiddlewares/Third_Party/FreeRTOS/Source/portable/GCC/ARM_CM3 -IDrivers/CMSIS/Device/ST/STM32F1xx/Include -IDrivers/CMSIS/Include -Og -Wall -fdata-sections -ffunction-sections -g -gdwarf-2 -fdebug-prefix-map==../ -MMD -MP -MF"build/stm32f1xx_hal_tim_ex.d" -mlong-calls -Wall -Wextra -Wa,-a,-ad,-alms=build/stm32f1xx_hal_tim_ex.lst Drivers/STM32F1xx_HAL_Driver/Src/stm32f1xx_hal_tim_ex.c -o build/stm32f1xx_hal_tim_ex.o
arm-none-eabi-gcc -c -mcpu=cortex-m3 -mthumb   -DUSE_HAL_DRIVER -DSTM32F103x6 -ICore/Inc -IDrivers/STM32F1xx_HAL_Driver/Inc -IDrivers/STM32F1xx_HAL_Driver/Inc/Legacy -IMiddlewares/Third_Party/FreeRTOS/Source/include -IMiddlewares/Third_Party/FreeRTOS/Source/CMSIS_RTOS_V2 -IMiddlewares/Third_Party/FreeRTOS/Source/portable/GCC/ARM_CM3 -IDrivers/CMSIS/Device/ST/STM32F1xx/Include -IDrivers/CMSIS/Include -Og -Wall -fdata-sections -ffunction-sections -g -gdwarf-2 -fdebug-prefix-map==../ -MMD -MP -MF"build/stm32f1xx_hal_uart.d" -mlong-calls -Wall -Wextra -Wa,-a,-ad,-alms=build/stm32f1xx_hal_uart.lst Drivers/STM32F1xx_HAL_Driver/Src/stm32f1xx_hal_uart.c -o build/stm32f1xx_hal_uart.o
arm-none-eabi-gcc -c -mcpu=cortex-m3 -mthumb   -DUSE_HAL_DRIVER -DSTM32F103x6 -ICore/Inc -IDrivers/STM32F1xx_HAL_Driver/Inc -IDrivers/STM32F1xx_HAL_Driver/Inc/Legacy -IMiddlewares/Third_Party/FreeRTOS/Source/include -IMiddlewares/Third_Party/FreeRTOS/Source/CMSIS_RTOS_V2 -IMiddlewares/Third_Party/FreeRTOS/Source/portable/GCC/ARM_CM3 -IDrivers/CMSIS/Device/ST/STM32F1xx/Include -IDrivers/CMSIS/Include -Og -Wall -fdata-sections -ffunction-sections -g -gdwarf-2 -fdebug-prefix-map==../ -MMD -MP -MF"build/system_stm32f1xx.d" -mlong-calls -Wall -Wextra -Wa,-a,-ad,-alms=build/system_stm32f1xx.lst Core/Src/system_stm32f1xx.c -o build/system_stm32f1xx.o
arm-none-eabi-gcc -c -mcpu=cortex-m3 -mthumb   -DUSE_HAL_DRIVER -DSTM32F103x6 -ICore/Inc -IDrivers/STM32F1xx_HAL_Driver/Inc -IDrivers/STM32F1xx_HAL_Driver/Inc/Legacy -IMiddlewares/Third_Party/FreeRTOS/Source/include -IMiddlewares/Third_Party/FreeRTOS/Source/CMSIS_RTOS_V2 -IMiddlewares/Third_Party/FreeRTOS/Source/portable/GCC/ARM_CM3 -IDrivers/CMSIS/Device/ST/STM32F1xx/Include -IDrivers/CMSIS/Include -Og -Wall -fdata-sections -ffunction-sections -g -gdwarf-2 -fdebug-prefix-map==../ -MMD -MP -MF"build/croutine.d" -mlong-calls -Wall -Wextra -Wa,-a,-ad,-alms=build/croutine.lst Middlewares/Third_Party/FreeRTOS/Source/croutine.c -o build/croutine.o
arm-none-eabi-gcc -c -mcpu=cortex-m3 -mthumb   -DUSE_HAL_DRIVER -DSTM32F103x6 -ICore/Inc -IDrivers/STM32F1xx_HAL_Driver/Inc -IDrivers/STM32F1xx_HAL_Driver/Inc/Legacy -IMiddlewares/Third_Party/FreeRTOS/Source/include -IMiddlewares/Third_Party/FreeRTOS/Source/CMSIS_RTOS_V2 -IMiddlewares/Third_Party/FreeRTOS/Source/portable/GCC/ARM_CM3 -IDrivers/CMSIS/Device/ST/STM32F1xx/Include -IDrivers/CMSIS/Include -Og -Wall -fdata-sections -ffunction-sections -g -gdwarf-2 -fdebug-prefix-map==../ -MMD -MP -MF"build/event_groups.d" -mlong-calls -Wall -Wextra -Wa,-a,-ad,-alms=build/event_groups.lst Middlewares/Third_Party/FreeRTOS/Source/event_groups.c -o build/event_groups.o
arm-none-eabi-gcc -c -mcpu=cortex-m3 -mthumb   -DUSE_HAL_DRIVER -DSTM32F103x6 -ICore/Inc -IDrivers/STM32F1xx_HAL_Driver/Inc -IDrivers/STM32F1xx_HAL_Driver/Inc/Legacy -IMiddlewares/Third_Party/FreeRTOS/Source/include -IMiddlewares/Third_Party/FreeRTOS/Source/CMSIS_RTOS_V2 -IMiddlewares/Third_Party/FreeRTOS/Source/portable/GCC/ARM_CM3 -IDrivers/CMSIS/Device/ST/STM32F1xx/Include -IDrivers/CMSIS/Include -Og -Wall -fdata-sections -ffunction-sections -g -gdwarf-2 -fdebug-prefix-map==../ -MMD -MP -MF"build/list.d" -mlong-calls -Wall -Wextra -Wa,-a,-ad,-alms=build/list.lst Middlewares/Third_Party/FreeRTOS/Source/list.c -o build/list.o
arm-none-eabi-gcc -c -mcpu=cortex-m3 -mthumb   -DUSE_HAL_DRIVER -DSTM32F103x6 -ICore/Inc -IDrivers/STM32F1xx_HAL_Driver/Inc -IDrivers/STM32F1xx_HAL_Driver/Inc/Legacy -IMiddlewares/Third_Party/FreeRTOS/Source/include -IMiddlewares/Third_Party/FreeRTOS/Source/CMSIS_RTOS_V2 -IMiddlewares/Third_Party/FreeRTOS/Source/portable/GCC/ARM_CM3 -IDrivers/CMSIS/Device/ST/STM32F1xx/Include -IDrivers/CMSIS/Include -Og -Wall -fdata-sections -ffunction-sections -g -gdwarf-2 -fdebug-prefix-map==../ -MMD -MP -MF"build/queue.d" -mlong-calls -Wall -Wextra -Wa,-a,-ad,-alms=build/queue.lst Middlewares/Third_Party/FreeRTOS/Source/queue.c -o build/queue.o
arm-none-eabi-gcc -c -mcpu=cortex-m3 -mthumb   -DUSE_HAL_DRIVER -DSTM32F103x6 -ICore/Inc -IDrivers/STM32F1xx_HAL_Driver/Inc -IDrivers/STM32F1xx_HAL_Driver/Inc/Legacy -IMiddlewares/Third_Party/FreeRTOS/Source/include -IMiddlewares/Third_Party/FreeRTOS/Source/CMSIS_RTOS_V2 -IMiddlewares/Third_Party/FreeRTOS/Source/portable/GCC/ARM_CM3 -IDrivers/CMSIS/Device/ST/STM32F1xx/Include -IDrivers/CMSIS/Include -Og -Wall -fdata-sections -ffunction-sections -g -gdwarf-2 -fdebug-prefix-map==../ -MMD -MP -MF"build/stream_buffer.d" -mlong-calls -Wall -Wextra -Wa,-a,-ad,-alms=build/stream_buffer.lst Middlewares/Third_Party/FreeRTOS/Source/stream_buffer.c -o build/stream_buffer.o
arm-none-eabi-gcc -c -mcpu=cortex-m3 -mthumb   -DUSE_HAL_DRIVER -DSTM32F103x6 -ICore/Inc -IDrivers/STM32F1xx_HAL_Driver/Inc -IDrivers/STM32F1xx_HAL_Driver/Inc/Legacy -IMiddlewares/Third_Party/FreeRTOS/Source/include -IMiddlewares/Third_Party/FreeRTOS/Source/CMSIS_RTOS_V2 -IMiddlewares/Third_Party/FreeRTOS/Source/portable/GCC/ARM_CM3 -IDrivers/CMSIS/Device/ST/STM32F1xx/Include -IDrivers/CMSIS/Include -Og -Wall -fdata-sections -ffunction-sections -g -gdwarf-2 -fdebug-prefix-map==../ -MMD -MP -MF"build/tasks.d" -mlong-calls -Wall -Wextra -Wa,-a,-ad,-alms=build/tasks.lst Middlewares/Third_Party/FreeRTOS/Source/tasks.c -o build/tasks.o
arm-none-eabi-gcc -c -mcpu=cortex-m3 -mthumb   -DUSE_HAL_DRIVER -DSTM32F103x6 -ICore/Inc -IDrivers/STM32F1xx_HAL_Driver/Inc -IDrivers/STM32F1xx_HAL_Driver/Inc/Legacy -IMiddlewares/Third_Party/FreeRTOS/Source/include -IMiddlewares/Third_Party/FreeRTOS/Source/CMSIS_RTOS_V2 -IMiddlewares/Third_Party/FreeRTOS/Source/portable/GCC/ARM_CM3 -IDrivers/CMSIS/Device/ST/STM32F1xx/Include -IDrivers/CMSIS/Include -Og -Wall -fdata-sections -ffunction-sections -g -gdwarf-2 -fdebug-prefix-map==../ -MMD -MP -MF"build/timers.d" -mlong-calls -Wall -Wextra -Wa,-a,-ad,-alms=build/timers.lst Middlewares/Third_Party/FreeRTOS/Source/timers.c -o build/timers.o
arm-none-eabi-gcc -c -mcpu=cortex-m3 -mthumb   -DUSE_HAL_DRIVER -DSTM32F103x6 -ICore/Inc -IDrivers/STM32F1xx_HAL_Driver/Inc -IDrivers/STM32F1xx_HAL_Driver/Inc/Legacy -IMiddlewares/Third_Party/FreeRTOS/Source/include -IMiddlewares/Third_Party/FreeRTOS/Source/CMSIS_RTOS_V2 -IMiddlewares/Third_Party/FreeRTOS/Source/portable/GCC/ARM_CM3 -IDrivers/CMSIS/Device/ST/STM32F1xx/Include -IDrivers/CMSIS/Include -Og -Wall -fdata-sections -ffunction-sections -g -gdwarf-2 -fdebug-prefix-map==../ -MMD -MP -MF"build/cmsis_os2.d" -mlong-calls -Wall -Wextra -Wa,-a,-ad,-alms=build/cmsis_os2.lst Middlewares/Third_Party/FreeRTOS/Source/CMSIS_RTOS_V2/cmsis_os2.c -o build/cmsis_os2.o
arm-none-eabi-gcc -c -mcpu=cortex-m3 -mthumb   -DUSE_HAL_DRIVER -DSTM32F103x6 -ICore/Inc -IDrivers/STM32F1xx_HAL_Driver/Inc -IDrivers/STM32F1xx_HAL_Driver/Inc/Legacy -IMiddlewares/Third_Party/FreeRTOS/Source/include -IMiddlewares/Third_Party/FreeRTOS/Source/CMSIS_RTOS_V2 -IMiddlewares/Third_Party/FreeRTOS/Source/portable/GCC/ARM_CM3 -IDrivers/CMSIS/Device/ST/STM32F1xx/Include -IDrivers/CMSIS/Include -Og -Wall -fdata-sections -ffunction-sections -g -gdwarf-2 -fdebug-prefix-map==../ -MMD -MP -MF"build/heap_4.d" -mlong-calls -Wall -Wextra -Wa,-a,-ad,-alms=build/heap_4.lst Middlewares/Third_Party/FreeRTOS/Source/portable/MemMang/heap_4.c -o build/heap_4.o
arm-none-eabi-gcc -c -mcpu=cortex-m3 -mthumb   -DUSE_HAL_DRIVER -DSTM32F103x6 -ICore/Inc -IDrivers/STM32F1xx_HAL_Driver/Inc -IDrivers/STM32F1xx_HAL_Driver/Inc/Legacy -IMiddlewares/Third_Party/FreeRTOS/Source/include -IMiddlewares/Third_Party/FreeRTOS/Source/CMSIS_RTOS_V2 -IMiddlewares/Third_Party/FreeRTOS/Source/portable/GCC/ARM_CM3 -IDrivers/CMSIS/Device/ST/STM32F1xx/Include -IDrivers/CMSIS/Include -Og -Wall -fdata-sections -ffunction-sections -g -gdwarf-2 -fdebug-prefix-map==../ -MMD -MP -MF"build/port.d" -mlong-calls -Wall -Wextra -Wa,-a,-ad,-alms=build/port.lst Middlewares/Third_Party/FreeRTOS/Source/portable/GCC/ARM_CM3/port.c -o build/port.o
arm-none-eabi-gcc -c -mcpu=cortex-m3 -mthumb   -DUSE_HAL_DRIVER -DSTM32F103x6 -ICore/Inc -IDrivers/STM32F1xx_HAL_Driver/Inc -IDrivers/STM32F1xx_HAL_Driver/Inc/Legacy -IMiddlewares/Third_Party/FreeRTOS/Source/include -IMiddlewares/Third_Party/FreeRTOS/Source/CMSIS_RTOS_V2 -IMiddlewares/Third_Party/FreeRTOS/Source/portable/GCC/ARM_CM3 -IDrivers/CMSIS/Device/ST/STM32F1xx/Include -IDrivers/CMSIS/Include -Og -Wall -fdata-sections -ffunction-sections -g -gdwarf-2 -fdebug-prefix-map==../ -MMD -MP -MF"build/adc.d" -mlong-calls -Wall -Wextra -Wa,-a,-ad,-alms=build/adc.lst Core/Src/adc.c -o build/adc.o
arm-none-eabi-gcc -c -mcpu=cortex-m3 -mthumb   -DUSE_HAL_DRIVER -DSTM32F103x6 -ICore/Inc -IDrivers/STM32F1xx_HAL_Driver/Inc -IDrivers/STM32F1xx_HAL_Driver/Inc/Legacy -IMiddlewares/Third_Party/FreeRTOS/Source/include -IMiddlewares/Third_Party/FreeRTOS/Source/CMSIS_RTOS_V2 -IMiddlewares/Third_Party/FreeRTOS/Source/portable/GCC/ARM_CM3 -IDrivers/CMSIS/Device/ST/STM32F1xx/Include -IDrivers/CMSIS/Include -Og -Wall -fdata-sections -ffunction-sections -g -gdwarf-2 -fdebug-prefix-map==../ -MMD -MP -MF"build/stm32f1xx_hal_adc.d" -mlong-calls -Wall -Wextra -Wa,-a,-ad,-alms=build/stm32f1xx_hal_adc.lst Drivers/STM32F1xx_HAL_Driver/Src/stm32f1xx_hal_adc.c -o build/stm32f1xx_hal_adc.o
arm-none-eabi-gcc -c -mcpu=cortex-m3 -mthumb   -DUSE_HAL_DRIVER -DSTM32F103x6 -ICore/Inc -IDrivers/STM32F1xx_HAL_Driver/Inc -IDrivers/STM32F1xx_HAL_Driver/Inc/Legacy -IMiddlewares/Third_Party/FreeRTOS/Source/include -IMiddlewares/Third_Party/FreeRTOS/Source/CMSIS_RTOS_V2 -IMiddlewares/Third_Party/FreeRTOS/Source/portable/GCC/ARM_CM3 -IDrivers/CMSIS/Device/ST/STM32F1xx/Include -IDrivers/CMSIS/Include -Og -Wall -fdata-sections -ffunction-sections -g -gdwarf-2 -fdebug-prefix-map==../ -MMD -MP -MF"build/stm32f1xx_hal_adc_ex.d" -mlong-calls -Wall -Wextra -Wa,-a,-ad,-alms=build/stm32f1xx_hal_adc_ex.lst Drivers/STM32F1xx_HAL_Driver/Src/stm32f1xx_hal_adc_ex.c -o build/stm32f1xx_hal_adc_ex.o
arm-none-eabi-gcc -x assembler-with-cpp -c -mcpu=cortex-m3 -mthumb   -DUSE_HAL_DRIVER -DSTM32F103x6 -ICore/Inc -IDrivers/STM32F1xx_HAL_Driver/Inc -IDrivers/STM32F1xx_HAL_Driver/Inc/Legacy -IMiddlewares/Third_Party/FreeRTOS/Source/include -IMiddlewares/Third_Party/FreeRTOS/Source/CMSIS_RTOS_V2 -IMiddlewares/Third_Party/FreeRTOS/Source/portable/GCC/ARM_CM3 -IDrivers/CMSIS/Device/ST/STM32F1xx/Include -IDrivers/CMSIS/Include -Og -Wall -fdata-sections -ffunction-sections -g -gdwarf-2 -fdebug-prefix-map==../ -MMD -MP -MF"build/startup_stm32f103x6_init.d" -mlong-calls -Wall -Wextra Core/Src/startup_stm32f103x6_init.s -o build/startup_stm32f103x6_init.o
arm-none-eabi-gcc build/driver_temp.o build/driver_motor.o build/driver_uart.o build/driver_lcd.o build/keypad.o build/homework.o build/main.o build/gpio.o build/freertos.o build/tim.o build/usart.o build/stm32f1xx_it.o build/stm32f1xx_hal_msp.o build/stm32f1xx_hal_timebase_tim.o build/stm32f1xx_hal_gpio_ex.o build/stm32f1xx_hal.o build/stm32f1xx_hal_rcc.o build/stm32f1xx_hal_rcc_ex.o build/stm32f1xx_hal_gpio.o build/stm32f1xx_hal_dma.o build/stm32f1xx_hal_cortex.o build/stm32f1xx_hal_pwr.o build/stm32f1xx_hal_flash.o build/stm32f1xx_hal_flash_ex.o build/stm32f1xx_hal_exti.o build/stm32f1xx_hal_tim.o build/stm32f1xx_hal_tim_ex.o build/stm32f1xx_hal_uart.o build/system_stm32f1xx.o build/croutine.o build/event_groups.o build/list.o build/queue.o build/stream_buffer.o build/tasks.o build/timers.o build/cmsis_os2.o build/heap_4.o build/port.o build/adc.o build/stm32f1xx_hal_adc.o build/stm32f1xx_hal_adc_ex.o build/startup_stm32f103x6_init.o -mcpu=cortex-m3 -mthumb   -specs=nano.specs -TSTM32F103R6Tx_FLASH.ld  -lc -lm -lnosys  -Wl,-Map=build/code.map,--cref -Wl,--gc-sections -o build/code.elf
arm-none-eabi-size build/code.elf
   text	   data	    bss	    dec	    hex	filename
  24136	     36	   9412	  33584	   8330	build/code.elf
arm-none-eabi-objcopy -O ihex build/code.elf build/code.hex
arm-none-eabi-objcopy -O binary -S build/code.elf build/code.bin	

20:03:07 Build Finished. 0 errors, 7 warnings. (took 12s.379ms)

