Archive member included to satisfy reference by file (symbol)

d:/mips/gnu mcu/arm-none-eabi-gcc-10.2.1-1.1/bin/../lib/gcc/arm-none-eabi/10.2.1/../../../../arm-none-eabi/lib/thumb/v7-m/nofp\libc_nano.a(lib_a-exit.o)
                              d:/mips/gnu mcu/arm-none-eabi-gcc-10.2.1-1.1/bin/../lib/gcc/arm-none-eabi/10.2.1/../../../../arm-none-eabi/lib/thumb/v7-m/nofp/crt0.o (exit)
d:/mips/gnu mcu/arm-none-eabi-gcc-10.2.1-1.1/bin/../lib/gcc/arm-none-eabi/10.2.1/../../../../arm-none-eabi/lib/thumb/v7-m/nofp\libc_nano.a(lib_a-impure.o)
                              d:/mips/gnu mcu/arm-none-eabi-gcc-10.2.1-1.1/bin/../lib/gcc/arm-none-eabi/10.2.1/../../../../arm-none-eabi/lib/thumb/v7-m/nofp\libc_nano.a(lib_a-exit.o) (_global_impure_ptr)
d:/mips/gnu mcu/arm-none-eabi-gcc-10.2.1-1.1/bin/../lib/gcc/arm-none-eabi/10.2.1/../../../../arm-none-eabi/lib/thumb/v7-m/nofp\libc_nano.a(lib_a-init.o)
                              d:/mips/gnu mcu/arm-none-eabi-gcc-10.2.1-1.1/bin/../lib/gcc/arm-none-eabi/10.2.1/../../../../arm-none-eabi/lib/thumb/v7-m/nofp/crt0.o (__libc_init_array)
d:/mips/gnu mcu/arm-none-eabi-gcc-10.2.1-1.1/bin/../lib/gcc/arm-none-eabi/10.2.1/../../../../arm-none-eabi/lib/thumb/v7-m/nofp\libc_nano.a(lib_a-itoa.o)
                              build/homework.o (itoa)
d:/mips/gnu mcu/arm-none-eabi-gcc-10.2.1-1.1/bin/../lib/gcc/arm-none-eabi/10.2.1/../../../../arm-none-eabi/lib/thumb/v7-m/nofp\libc_nano.a(lib_a-memcpy-stub.o)
                              build/queue.o (memcpy)
d:/mips/gnu mcu/arm-none-eabi-gcc-10.2.1-1.1/bin/../lib/gcc/arm-none-eabi/10.2.1/../../../../arm-none-eabi/lib/thumb/v7-m/nofp\libc_nano.a(lib_a-memset.o)
                              d:/mips/gnu mcu/arm-none-eabi-gcc-10.2.1-1.1/bin/../lib/gcc/arm-none-eabi/10.2.1/../../../../arm-none-eabi/lib/thumb/v7-m/nofp/crt0.o (memset)
d:/mips/gnu mcu/arm-none-eabi-gcc-10.2.1-1.1/bin/../lib/gcc/arm-none-eabi/10.2.1/../../../../arm-none-eabi/lib/thumb/v7-m/nofp\libc_nano.a(lib_a-strlen.o)
                              build/driver_uart.o (strlen)
d:/mips/gnu mcu/arm-none-eabi-gcc-10.2.1-1.1/bin/../lib/gcc/arm-none-eabi/10.2.1/../../../../arm-none-eabi/lib/thumb/v7-m/nofp\libc_nano.a(lib_a-utoa.o)
                              d:/mips/gnu mcu/arm-none-eabi-gcc-10.2.1-1.1/bin/../lib/gcc/arm-none-eabi/10.2.1/../../../../arm-none-eabi/lib/thumb/v7-m/nofp\libc_nano.a(lib_a-itoa.o) (__utoa)
d:/mips/gnu mcu/arm-none-eabi-gcc-10.2.1-1.1/bin/../lib/gcc/arm-none-eabi/10.2.1/../../../../arm-none-eabi/lib/thumb/v7-m/nofp\libnosys.a(_exit.o)
                              d:/mips/gnu mcu/arm-none-eabi-gcc-10.2.1-1.1/bin/../lib/gcc/arm-none-eabi/10.2.1/../../../../arm-none-eabi/lib/thumb/v7-m/nofp\libc_nano.a(lib_a-exit.o) (_exit)
d:/mips/gnu mcu/arm-none-eabi-gcc-10.2.1-1.1/bin/../lib/gcc/arm-none-eabi/10.2.1/thumb/v7-m/nofp\libgcc.a(_arm_mulsf3.o)
                              build/driver_temp.o (__aeabi_fmul)
d:/mips/gnu mcu/arm-none-eabi-gcc-10.2.1-1.1/bin/../lib/gcc/arm-none-eabi/10.2.1/thumb/v7-m/nofp\libgcc.a(_arm_addsubsf3.o)
                              build/driver_temp.o (__aeabi_ui2f)
d:/mips/gnu mcu/arm-none-eabi-gcc-10.2.1-1.1/bin/../lib/gcc/arm-none-eabi/10.2.1/thumb/v7-m/nofp\libgcc.a(_arm_cmpsf2.o)
                              build/homework.o (__aeabi_fcmplt)
d:/mips/gnu mcu/arm-none-eabi-gcc-10.2.1-1.1/bin/../lib/gcc/arm-none-eabi/10.2.1/thumb/v7-m/nofp\libgcc.a(_arm_fixunssfsi.o)
                              build/homework.o (__aeabi_f2uiz)

Discarded input sections

 .text          0x0000000000000000        0x0 d:/mips/gnu mcu/arm-none-eabi-gcc-10.2.1-1.1/bin/../lib/gcc/arm-none-eabi/10.2.1/thumb/v7-m/nofp/crti.o
 .data          0x0000000000000000        0x0 d:/mips/gnu mcu/arm-none-eabi-gcc-10.2.1-1.1/bin/../lib/gcc/arm-none-eabi/10.2.1/thumb/v7-m/nofp/crti.o
 .bss           0x0000000000000000        0x0 d:/mips/gnu mcu/arm-none-eabi-gcc-10.2.1-1.1/bin/../lib/gcc/arm-none-eabi/10.2.1/thumb/v7-m/nofp/crti.o
 .text          0x0000000000000000        0x0 d:/mips/gnu mcu/arm-none-eabi-gcc-10.2.1-1.1/bin/../lib/gcc/arm-none-eabi/10.2.1/thumb/v7-m/nofp/crtbegin.o
 .data          0x0000000000000000        0x0 d:/mips/gnu mcu/arm-none-eabi-gcc-10.2.1-1.1/bin/../lib/gcc/arm-none-eabi/10.2.1/thumb/v7-m/nofp/crtbegin.o
 .bss           0x0000000000000000        0x0 d:/mips/gnu mcu/arm-none-eabi-gcc-10.2.1-1.1/bin/../lib/gcc/arm-none-eabi/10.2.1/thumb/v7-m/nofp/crtbegin.o
 .rodata.all_implied_fbits
                0x0000000000000000       0x24 d:/mips/gnu mcu/arm-none-eabi-gcc-10.2.1-1.1/bin/../lib/gcc/arm-none-eabi/10.2.1/thumb/v7-m/nofp/crtbegin.o
 .data.__dso_handle
                0x0000000000000000        0x4 d:/mips/gnu mcu/arm-none-eabi-gcc-10.2.1-1.1/bin/../lib/gcc/arm-none-eabi/10.2.1/thumb/v7-m/nofp/crtbegin.o
 .text          0x0000000000000000       0x7c d:/mips/gnu mcu/arm-none-eabi-gcc-10.2.1-1.1/bin/../lib/gcc/arm-none-eabi/10.2.1/../../../../arm-none-eabi/lib/thumb/v7-m/nofp/crt0.o
[...]
Memory Configuration

Name             Origin             Length             Attributes
RAM              0x0000000020000000 0x0000000000002800 xrw
FLASH            0x0000000008000000 0x0000000000008000 xr
*default*        0x0000000000000000 0xffffffffffffffff

Linker script and memory map

LOAD d:/mips/gnu mcu/arm-none-eabi-gcc-10.2.1-1.1/bin/../lib/gcc/arm-none-eabi/10.2.1/thumb/v7-m/nofp/crti.o
LOAD d:/mips/gnu mcu/arm-none-eabi-gcc-10.2.1-1.1/bin/../lib/gcc/arm-none-eabi/10.2.1/thumb/v7-m/nofp/crtbegin.o
LOAD d:/mips/gnu mcu/arm-none-eabi-gcc-10.2.1-1.1/bin/../lib/gcc/arm-none-eabi/10.2.1/../../../../arm-none-eabi/lib/thumb/v7-m/nofp/crt0.o
LOAD build/driver_temp.o
LOAD build/driver_motor.o
LOAD build/driver_uart.o
LOAD build/driver_lcd.o
LOAD build/keypad.o
LOAD build/homework.o
LOAD build/main.o
LOAD build/gpio.o
LOAD build/freertos.o
LOAD build/tim.o
LOAD build/usart.o
LOAD build/stm32f1xx_it.o
LOAD build/stm32f1xx_hal_msp.o
LOAD build/stm32f1xx_hal_timebase_tim.o
LOAD build/stm32f1xx_hal_gpio_ex.o
LOAD build/stm32f1xx_hal.o
LOAD build/stm32f1xx_hal_rcc.o
LOAD build/stm32f1xx_hal_rcc_ex.o
LOAD build/stm32f1xx_hal_gpio.o
LOAD build/stm32f1xx_hal_dma.o
LOAD build/stm32f1xx_hal_cortex.o
LOAD build/stm32f1xx_hal_pwr.o
LOAD build/stm32f1xx_hal_flash.o
LOAD build/stm32f1xx_hal_flash_ex.o
LOAD build/stm32f1xx_hal_exti.o
LOAD build/stm32f1xx_hal_tim.o
LOAD build/stm32f1xx_hal_tim_ex.o
LOAD build/stm32f1xx_hal_uart.o
LOAD build/system_stm32f1xx.o
LOAD build/croutine.o
LOAD build/event_groups.o
LOAD build/list.o
LOAD build/queue.o
LOAD build/stream_buffer.o
LOAD build/tasks.o
LOAD build/timers.o
LOAD build/cmsis_os2.o
LOAD build/heap_4.o
LOAD build/port.o
LOAD build/adc.o
LOAD build/stm32f1xx_hal_adc.o
LOAD build/stm32f1xx_hal_adc_ex.o
LOAD build/startup_stm32f103x6_init.o
LOAD d:/mips/gnu mcu/arm-none-eabi-gcc-10.2.1-1.1/bin/../lib/gcc/arm-none-eabi/10.2.1/../../../../arm-none-eabi/lib/thumb/v7-m/nofp\libc_nano.a
LOAD d:/mips/gnu mcu/arm-none-eabi-gcc-10.2.1-1.1/bin/../lib/gcc/arm-none-eabi/10.2.1/../../../../arm-none-eabi/lib/thumb/v7-m/nofp\libm.a
LOAD d:/mips/gnu mcu/arm-none-eabi-gcc-10.2.1-1.1/bin/../lib/gcc/arm-none-eabi/10.2.1/../../../../arm-none-eabi/lib/thumb/v7-m/nofp\libnosys.a
START GROUP
LOAD d:/mips/gnu mcu/arm-none-eabi-gcc-10.2.1-1.1/bin/../lib/gcc/arm-none-eabi/10.2.1/thumb/v7-m/nofp\libgcc.a
LOAD d:/mips/gnu mcu/arm-none-eabi-gcc-10.2.1-1.1/bin/../lib/gcc/arm-none-eabi/10.2.1/../../../../arm-none-eabi/lib/thumb/v7-m/nofp\libc_nano.a
END GROUP
START GROUP
LOAD d:/mips/gnu mcu/arm-none-eabi-gcc-10.2.1-1.1/bin/../lib/gcc/arm-none-eabi/10.2.1/thumb/v7-m/nofp\libgcc.a
LOAD d:/mips/gnu mcu/arm-none-eabi-gcc-10.2.1-1.1/bin/../lib/gcc/arm-none-eabi/10.2.1/../../../../arm-none-eabi/lib/thumb/v7-m/nofp\libc_nano.a
END GROUP
LOAD d:/mips/gnu mcu/arm-none-eabi-gcc-10.2.1-1.1/bin/../lib/gcc/arm-none-eabi/10.2.1/thumb/v7-m/nofp/crtend.o
LOAD d:/mips/gnu mcu/arm-none-eabi-gcc-10.2.1-1.1/bin/../lib/gcc/arm-none-eabi/10.2.1/thumb/v7-m/nofp/crtn.o
                0x0000000020002800                _estack = 0x20002800
                0x0000000000000200                _Min_Heap_Size = 0x200
                0x0000000000000400                _Min_Stack_Size = 0x400

.isr_vector     0x0000000008000000      0x10c
                0x0000000008000000                . = ALIGN (0x4)
 *(.isr_vector)
 .isr_vector    0x0000000008000000      0x10c build/startup_stm32f103x6_init.o
                0x0000000008000000                g_pfnVectors
                0x000000000800010c                . = ALIGN (0x4)

.text           0x0000000008000110     0x5bf8
                0x0000000008000110                . = ALIGN (0x4)
 *(.text)
 .text          0x0000000008000110       0x10 d:/mips/gnu mcu/arm-none-eabi-gcc-10.2.1-1.1/bin/../lib/gcc/arm-none-eabi/10.2.1/../../../../arm-none-eabi/lib/thumb/v7-m/nofp\libc_nano.a(lib_a-strlen.o)
                0x0000000008000110                strlen
 .text          0x0000000008000120      0x168 d:/mips/gnu mcu/arm-none-eabi-gcc-10.2.1-1.1/bin/../lib/gcc/arm-none-eabi/10.2.1/thumb/v7-m/nofp\libgcc.a(_arm_mulsf3.o)
                0x0000000008000120                __aeabi_fmul
                0x0000000008000120                __mulsf3
 .text          0x0000000008000288      0x21c d:/mips/gnu mcu/arm-none-eabi-gcc-10.2.1-1.1/bin/../lib/gcc/arm-none-eabi/10.2.1/thumb/v7-m/nofp\libgcc.a(_arm_addsubsf3.o)
                0x0000000008000288                __aeabi_frsub
                0x0000000008000290                __subsf3
                0x0000000008000290                __aeabi_fsub
                0x0000000008000294                __aeabi_fadd
                0x0000000008000294                __addsf3
                0x00000000080003f4                __aeabi_ui2f
                0x00000000080003f4                __floatunsisf
                0x00000000080003fc                __aeabi_i2f
                0x00000000080003fc                __floatsisf
                0x0000000008000418                __aeabi_ul2f
                0x0000000008000418                __floatundisf
                0x0000000008000428                __aeabi_l2f
                0x0000000008000428                __floatdisf
 .text          0x00000000080004a4       0xec d:/mips/gnu mcu/arm-none-eabi-gcc-10.2.1-1.1/bin/../lib/gcc/arm-none-eabi/10.2.1/thumb/v7-m/nofp\libgcc.a(_arm_cmpsf2.o)
                0x00000000080004a4                __gesf2
                0x00000000080004a4                __gtsf2
                0x00000000080004ac                __lesf2
                0x00000000080004ac                __ltsf2
                0x00000000080004b4                __nesf2
                0x00000000080004b4                __eqsf2
                0x00000000080004b4                __cmpsf2
                0x0000000008000514                __aeabi_cfrcmple
                0x000000000800051c                __aeabi_cfcmpeq
                0x000000000800051c                __aeabi_cfcmple
                0x000000000800052c                __aeabi_fcmpeq
                0x0000000008000540                __aeabi_fcmplt
                0x0000000008000554                __aeabi_fcmple
                0x0000000008000568                __aeabi_fcmpge
                0x000000000800057c                __aeabi_fcmpgt
 .text          0x0000000008000590       0x40 d:/mips/gnu mcu/arm-none-eabi-gcc-10.2.1-1.1/bin/../lib/gcc/arm-none-eabi/10.2.1/thumb/v7-m/nofp\libgcc.a(_arm_fixunssfsi.o)
                0x0000000008000590                __fixunssfsi
                0x0000000008000590                __aeabi_f2uiz
 *(.text*)
 .text.__do_global_dtors_aux
                0x00000000080005d0       0x24 d:/mips/gnu mcu/arm-none-eabi-gcc-10.2.1-1.1/bin/../lib/gcc/arm-none-eabi/10.2.1/thumb/v7-m/nofp/crtbegin.o
 .text.frame_dummy
                0x00000000080005f4       0x1c d:/mips/gnu mcu/arm-none-eabi-gcc-10.2.1-1.1/bin/../lib/gcc/arm-none-eabi/10.2.1/thumb/v7-m/nofp/crtbegin.o
 .text.TEMP_Task
                0x0000000008000610       0x74 build/driver_temp.o
 .text.HAL_ADC_ConvCpltCallback
                0x0000000008000684       0x38 build/driver_temp.o
                0x0000000008000684                HAL_ADC_ConvCpltCallback
 .text.TEMP_GetCurrentValue
                0x00000000080006bc       0x28 build/driver_temp.o
                0x00000000080006bc                TEMP_GetCurrentValue
 .text.TEMP_Init
                0x00000000080006e4       0x44 build/driver_temp.o
                0x00000000080006e4                TEMP_Init
 .text.MOTOR_SpeedIncrease
                0x0000000008000728       0x24 build/driver_motor.o
                0x0000000008000728                MOTOR_SpeedIncrease
 .text.MOTOR_SpeedDecrease
                0x000000000800074c       0x24 build/driver_motor.o
                0x000000000800074c                MOTOR_SpeedDecrease
 .text.MOTOR_Init
                0x0000000008000770       0x14 build/driver_motor.o
                0x0000000008000770                MOTOR_Init
 .text.UART_ReceiveTask
                0x0000000008000784       0x44 build/driver_uart.o
 .text.UART_TransmitTask
                0x00000000080007c8       0x40 build/driver_uart.o
 .text.HAL_UART_TxCpltCallback
                0x0000000008000808       0x48 build/driver_uart.o
                0x0000000008000808                HAL_UART_TxCpltCallback
 .text.HAL_UART_RxCpltCallback
                0x0000000008000850       0x48 build/driver_uart.o
                0x0000000008000850                HAL_UART_RxCpltCallback
 .text.UART_Init
                0x0000000008000898       0x90 build/driver_uart.o
                0x0000000008000898                UART_Init
 .text.UART_AsyncTransmitCharacter
                0x0000000008000928       0x44 build/driver_uart.o
                0x0000000008000928                UART_AsyncTransmitCharacter
 .text.LCD_Write
                0x000000000800096c       0x28 build/driver_lcd.o
 .text.LCD_CommandInitiate
                0x0000000008000994       0x24 build/driver_lcd.o
 .text.LCD_Task
                0x00000000080009b8       0x60 build/driver_lcd.o
 .text.LCD_Init
                0x0000000008000a18       0x44 build/driver_lcd.o
                0x0000000008000a18                LCD_Init
 .text.LCD_CommandEnqueue
                0x0000000008000a5c       0x28 build/driver_lcd.o
                0x0000000008000a5c                LCD_CommandEnqueue
 .text.KEY_Timer
                0x0000000008000a84       0x50 build/keypad.o
                0x0000000008000a84                KEY_Timer
 .text.KEY_Task
                0x0000000008000ad4      0x128 build/keypad.o
 .text.HAL_GPIO_EXTI_Callback
                0x0000000008000bfc       0x50 build/keypad.o
                0x0000000008000bfc                HAL_GPIO_EXTI_Callback
 .text.KEY_Init
                0x0000000008000c4c       0x50 build/keypad.o
                0x0000000008000c4c                KEY_Init
 .text.homeworkCounter
                0x0000000008000c9c       0x10 build/homework.o
                0x0000000008000c9c                homeworkCounter
 .text.ledCounter
                0x0000000008000cac       0x6c build/homework.o
                0x0000000008000cac                ledCounter
 .text.homeworkTask
                0x0000000008000d18      0x1f8 build/homework.o
 .text.homeworkOverflow
                0x0000000008000f10       0x20 build/homework.o
                0x0000000008000f10                homeworkOverflow
 .text.homeworkInit
                0x0000000008000f30       0xcc build/homework.o
                0x0000000008000f30                homeworkInit
 .text.HAL_TIM_PeriodElapsedCallback
                0x0000000008000ffc       0x1c build/main.o
                0x0000000008000ffc                HAL_TIM_PeriodElapsedCallback
 .text.Error_Handler
                0x0000000008001018        0x4 build/main.o
                0x0000000008001018                Error_Handler
 .text.SystemClock_Config
                0x000000000800101c       0x84 build/main.o
                0x000000000800101c                SystemClock_Config
 .text.main     0x00000000080010a0       0x54 build/main.o
                0x00000000080010a0                main
 .text.MX_GPIO_Init
                0x00000000080010f4       0xf0 build/gpio.o
                0x00000000080010f4                MX_GPIO_Init
 .text.StartDefaultTask
                0x00000000080011e4       0x10 build/freertos.o
                0x00000000080011e4                StartDefaultTask
 .text.MX_FREERTOS_Init
                0x00000000080011f4       0x24 build/freertos.o
                0x00000000080011f4                MX_FREERTOS_Init
 .text.HAL_TIM_Base_MspInit
                0x0000000008001218       0x2c build/tim.o
                0x0000000008001218                HAL_TIM_Base_MspInit
 .text.HAL_TIM_MspPostInit
                0x0000000008001244       0x54 build/tim.o
                0x0000000008001244                HAL_TIM_MspPostInit
 .text.MX_TIM3_Init
                0x0000000008001298       0xcc build/tim.o
                0x0000000008001298                MX_TIM3_Init
 .text.MX_USART1_UART_Init
                0x0000000008001364       0x3c build/usart.o
                0x0000000008001364                MX_USART1_UART_Init
 .text.HAL_UART_MspInit
                0x00000000080013a0       0x94 build/usart.o
                0x00000000080013a0                HAL_UART_MspInit
 .text.NMI_Handler
                0x0000000008001434        0x2 build/stm32f1xx_it.o
                0x0000000008001434                NMI_Handler
 .text.HardFault_Handler
                0x0000000008001436        0x2 build/stm32f1xx_it.o
                0x0000000008001436                HardFault_Handler
 .text.MemManage_Handler
                0x0000000008001438        0x2 build/stm32f1xx_it.o
                0x0000000008001438                MemManage_Handler
 .text.BusFault_Handler
                0x000000000800143a        0x2 build/stm32f1xx_it.o
                0x000000000800143a                BusFault_Handler
 .text.UsageFault_Handler
                0x000000000800143c        0x2 build/stm32f1xx_it.o
                0x000000000800143c                UsageFault_Handler
 .text.DebugMon_Handler
                0x000000000800143e        0x2 build/stm32f1xx_it.o
                0x000000000800143e                DebugMon_Handler
 .text.ADC1_2_IRQHandler
                0x0000000008001440       0x14 build/stm32f1xx_it.o
                0x0000000008001440                ADC1_2_IRQHandler
 .text.EXTI9_5_IRQHandler
                0x0000000008001454       0x10 build/stm32f1xx_it.o
                0x0000000008001454                EXTI9_5_IRQHandler
 .text.TIM1_UP_IRQHandler
                0x0000000008001464       0x14 build/stm32f1xx_it.o
                0x0000000008001464                TIM1_UP_IRQHandler
 .text.USART1_IRQHandler
                0x0000000008001478       0x14 build/stm32f1xx_it.o
                0x0000000008001478                USART1_IRQHandler
 .text.EXTI15_10_IRQHandler
                0x000000000800148c       0x10 build/stm32f1xx_it.o
                0x000000000800148c                EXTI15_10_IRQHandler
 .text.HAL_MspInit
                0x000000000800149c       0x58 build/stm32f1xx_hal_msp.o
                0x000000000800149c                HAL_MspInit
 .text.HAL_InitTick
                0x00000000080014f4       0x90 build/stm32f1xx_hal_timebase_tim.o
                0x00000000080014f4                HAL_InitTick
 .text.HAL_Init
                0x0000000008001584       0x30 build/stm32f1xx_hal.o
                0x0000000008001584                HAL_Init
 .text.HAL_IncTick
                0x00000000080015b4       0x18 build/stm32f1xx_hal.o
                0x00000000080015b4                HAL_IncTick
 .text.HAL_GetTick
                0x00000000080015cc        0xc build/stm32f1xx_hal.o
                0x00000000080015cc                HAL_GetTick
 .text.RCC_Delay
                0x00000000080015d8       0x2c build/stm32f1xx_hal_rcc.o
 .text.HAL_RCC_OscConfig
                0x0000000008001604      0x420 build/stm32f1xx_hal_rcc.o
                0x0000000008001604                HAL_RCC_OscConfig
 .text.HAL_RCC_GetSysClockFreq
                0x0000000008001a24       0x6c build/stm32f1xx_hal_rcc.o
                0x0000000008001a24                HAL_RCC_GetSysClockFreq
 .text.HAL_RCC_ClockConfig
                0x0000000008001a90      0x178 build/stm32f1xx_hal_rcc.o
                0x0000000008001a90                HAL_RCC_ClockConfig
 .text.HAL_RCC_GetHCLKFreq
                0x0000000008001c08        0xc build/stm32f1xx_hal_rcc.o
                0x0000000008001c08                HAL_RCC_GetHCLKFreq
 .text.HAL_RCC_GetPCLK1Freq
                0x0000000008001c14       0x24 build/stm32f1xx_hal_rcc.o
                0x0000000008001c14                HAL_RCC_GetPCLK1Freq
 .text.HAL_RCC_GetPCLK2Freq
                0x0000000008001c38       0x24 build/stm32f1xx_hal_rcc.o
                0x0000000008001c38                HAL_RCC_GetPCLK2Freq
 .text.HAL_RCC_GetClockConfig
                0x0000000008001c5c       0x3c build/stm32f1xx_hal_rcc.o
                0x0000000008001c5c                HAL_RCC_GetClockConfig
 .text.HAL_RCCEx_PeriphCLKConfig
                0x0000000008001c98      0x11c build/stm32f1xx_hal_rcc_ex.o
                0x0000000008001c98                HAL_RCCEx_PeriphCLKConfig
 .text.HAL_GPIO_Init
                0x0000000008001db4      0x220 build/stm32f1xx_hal_gpio.o
                0x0000000008001db4                HAL_GPIO_Init
 .text.HAL_GPIO_ReadPin
                0x0000000008001fd4        0xe build/stm32f1xx_hal_gpio.o
                0x0000000008001fd4                HAL_GPIO_ReadPin
 .text.HAL_GPIO_WritePin
                0x0000000008001fe2        0xc build/stm32f1xx_hal_gpio.o
                0x0000000008001fe2                HAL_GPIO_WritePin
 .text.HAL_GPIO_TogglePin
                0x0000000008001fee       0x12 build/stm32f1xx_hal_gpio.o
                0x0000000008001fee                HAL_GPIO_TogglePin
 .text.HAL_GPIO_EXTI_IRQHandler
                0x0000000008002000       0x20 build/stm32f1xx_hal_gpio.o
                0x0000000008002000                HAL_GPIO_EXTI_IRQHandler
 .text.HAL_DMA_Abort
                0x0000000008002020       0x44 build/stm32f1xx_hal_dma.o
                0x0000000008002020                HAL_DMA_Abort
 .text.HAL_DMA_Abort_IT
                0x0000000008002064       0x98 build/stm32f1xx_hal_dma.o
                0x0000000008002064                HAL_DMA_Abort_IT
 .text.HAL_NVIC_SetPriorityGrouping
                0x00000000080020fc       0x24 build/stm32f1xx_hal_cortex.o
                0x00000000080020fc                HAL_NVIC_SetPriorityGrouping
 .text.HAL_NVIC_SetPriority
                0x0000000008002120       0x70 build/stm32f1xx_hal_cortex.o
                0x0000000008002120                HAL_NVIC_SetPriority
 .text.HAL_NVIC_EnableIRQ
                0x0000000008002190       0x1c build/stm32f1xx_hal_cortex.o
                0x0000000008002190                HAL_NVIC_EnableIRQ
 .text.TIM_OC1_SetConfig
                0x00000000080021ac       0x5c build/stm32f1xx_hal_tim.o
 .text.TIM_OC3_SetConfig
                0x0000000008002208       0x64 build/stm32f1xx_hal_tim.o
 .text.TIM_OC4_SetConfig
                0x000000000800226c       0x48 build/stm32f1xx_hal_tim.o
 .text.TIM_TI1_ConfigInputStage
                0x00000000080022b4       0x24 build/stm32f1xx_hal_tim.o
 .text.TIM_TI2_ConfigInputStage
                0x00000000080022d8       0x26 build/stm32f1xx_hal_tim.o
 .text.TIM_ITRx_SetConfig
                0x00000000080022fe       0x10 build/stm32f1xx_hal_tim.o
 *fill*         0x000000000800230e        0x2 
 .text.HAL_TIM_Base_Start_IT
                0x0000000008002310       0x60 build/stm32f1xx_hal_tim.o
                0x0000000008002310                HAL_TIM_Base_Start_IT
 .text.HAL_TIM_PWM_MspInit
                0x0000000008002370        0x2 build/stm32f1xx_hal_tim.o
                0x0000000008002370                HAL_TIM_PWM_MspInit
 .text.HAL_TIM_OC_DelayElapsedCallback
                0x0000000008002372        0x2 build/stm32f1xx_hal_tim.o
                0x0000000008002372                HAL_TIM_OC_DelayElapsedCallback
 .text.HAL_TIM_IC_CaptureCallback
                0x0000000008002374        0x2 build/stm32f1xx_hal_tim.o
                0x0000000008002374                HAL_TIM_IC_CaptureCallback
 .text.HAL_TIM_PWM_PulseFinishedCallback
                0x0000000008002376        0x2 build/stm32f1xx_hal_tim.o
                0x0000000008002376                HAL_TIM_PWM_PulseFinishedCallback
 .text.HAL_TIM_TriggerCallback
                0x0000000008002378        0x2 build/stm32f1xx_hal_tim.o
                0x0000000008002378                HAL_TIM_TriggerCallback
 *fill*         0x000000000800237a        0x2 
 .text.HAL_TIM_IRQHandler
                0x000000000800237c      0x198 build/stm32f1xx_hal_tim.o
                0x000000000800237c                HAL_TIM_IRQHandler
 .text.TIM_Base_SetConfig
                0x0000000008002514       0x64 build/stm32f1xx_hal_tim.o
                0x0000000008002514                TIM_Base_SetConfig
 .text.HAL_TIM_Base_Init
                0x0000000008002578       0x60 build/stm32f1xx_hal_tim.o
                0x0000000008002578                HAL_TIM_Base_Init
 .text.HAL_TIM_PWM_Init
                0x00000000080025d8       0x60 build/stm32f1xx_hal_tim.o
                0x00000000080025d8                HAL_TIM_PWM_Init
 .text.TIM_OC2_SetConfig
                0x0000000008002638       0x64 build/stm32f1xx_hal_tim.o
                0x0000000008002638                TIM_OC2_SetConfig
 .text.HAL_TIM_PWM_ConfigChannel
                0x000000000800269c       0xe0 build/stm32f1xx_hal_tim.o
                0x000000000800269c                HAL_TIM_PWM_ConfigChannel
 .text.TIM_ETR_SetConfig
                0x000000000800277c       0x18 build/stm32f1xx_hal_tim.o
                0x000000000800277c                TIM_ETR_SetConfig
 .text.HAL_TIM_ConfigClockSource
                0x0000000008002794       0xec build/stm32f1xx_hal_tim.o
                0x0000000008002794                HAL_TIM_ConfigClockSource
 .text.TIM_CCxChannelCmd
                0x0000000008002880       0x1e build/stm32f1xx_hal_tim.o
                0x0000000008002880                TIM_CCxChannelCmd
 *fill*         0x000000000800289e        0x2 
 .text.HAL_TIM_OC_Start
                0x00000000080028a0       0xd8 build/stm32f1xx_hal_tim.o
                0x00000000080028a0                HAL_TIM_OC_Start
 .text.HAL_TIMEx_MasterConfigSynchronization
                0x0000000008002978       0x64 build/stm32f1xx_hal_tim_ex.o
                0x0000000008002978                HAL_TIMEx_MasterConfigSynchronization
 .text.HAL_TIMEx_CommutCallback
                0x00000000080029dc        0x2 build/stm32f1xx_hal_tim_ex.o
                0x00000000080029dc                HAL_TIMEx_CommutCallback
 .text.HAL_TIMEx_BreakCallback
                0x00000000080029de        0x2 build/stm32f1xx_hal_tim_ex.o
                0x00000000080029de                HAL_TIMEx_BreakCallback
 .text.UART_EndRxTransfer
                0x00000000080029e0       0x32 build/stm32f1xx_hal_uart.o
 .text.UART_Transmit_IT
                0x0000000008002a12       0x60 build/stm32f1xx_hal_uart.o
 *fill*         0x0000000008002a72        0x2 
 .text.UART_SetConfig
                0x0000000008002a74       0x9c build/stm32f1xx_hal_uart.o
 .text.HAL_UART_Init
                0x0000000008002b10       0x68 build/stm32f1xx_hal_uart.o
                0x0000000008002b10                HAL_UART_Init
 .text.HAL_UART_Transmit_IT
                0x0000000008002b78       0x4e build/stm32f1xx_hal_uart.o
                0x0000000008002b78                HAL_UART_Transmit_IT
 *fill*         0x0000000008002bc6        0x2 
 .text.UART_EndTransmit_IT
                0x0000000008002bc8       0x20 build/stm32f1xx_hal_uart.o
 .text.HAL_UART_ErrorCallback
                0x0000000008002be8        0x2 build/stm32f1xx_hal_uart.o
                0x0000000008002be8                HAL_UART_ErrorCallback
 *fill*         0x0000000008002bea        0x2 
 .text.UART_DMAAbortOnError
                0x0000000008002bec       0x14 build/stm32f1xx_hal_uart.o
 .text.HAL_UARTEx_RxEventCallback
                0x0000000008002c00        0x2 build/stm32f1xx_hal_uart.o
                0x0000000008002c00                HAL_UARTEx_RxEventCallback
 *fill*         0x0000000008002c02        0x2 
 .text.UART_Receive_IT
                0x0000000008002c04       0xdc build/stm32f1xx_hal_uart.o
 .text.HAL_UART_IRQHandler
                0x0000000008002ce0      0x224 build/stm32f1xx_hal_uart.o
                0x0000000008002ce0                HAL_UART_IRQHandler
 .text.UART_Start_Receive_IT
                0x0000000008002f04       0x36 build/stm32f1xx_hal_uart.o
                0x0000000008002f04                UART_Start_Receive_IT
 *fill*         0x0000000008002f3a        0x2 
 .text.HAL_UART_Receive_IT
                0x0000000008002f3c       0x3c build/stm32f1xx_hal_uart.o
                0x0000000008002f3c                HAL_UART_Receive_IT
 .text.SystemInit
                0x0000000008002f78        0x2 build/system_stm32f1xx.o
                0x0000000008002f78                SystemInit
 .text.vListInitialise
                0x0000000008002f7a       0x16 build/list.o
                0x0000000008002f7a                vListInitialise
 .text.vListInitialiseItem
                0x0000000008002f90        0x6 build/list.o
                0x0000000008002f90                vListInitialiseItem
 .text.vListInsertEnd
                0x0000000008002f96       0x16 build/list.o
                0x0000000008002f96                vListInsertEnd
 .text.vListInsert
                0x0000000008002fac       0x32 build/list.o
                0x0000000008002fac                vListInsert
 .text.uxListRemove
                0x0000000008002fde       0x26 build/list.o
                0x0000000008002fde                uxListRemove
 .text.prvGetDisinheritPriorityAfterTimeout
                0x0000000008003004       0x10 build/queue.o
 .text.prvIsQueueFull
                0x0000000008003014       0x28 build/queue.o
 .text.prvIsQueueEmpty
                0x000000000800303c       0x24 build/queue.o
 .text.prvCopyDataToQueue
                0x0000000008003060       0x80 build/queue.o
 .text.prvCopyDataFromQueue
                0x00000000080030e0       0x28 build/queue.o
 .text.prvUnlockQueue
                0x0000000008003108       0x80 build/queue.o
 .text.xQueueGenericReset
                0x0000000008003188       0x94 build/queue.o
                0x0000000008003188                xQueueGenericReset
 .text.prvInitialiseNewQueue
                0x000000000800321c       0x28 build/queue.o
 .text.xQueueGenericCreateStatic
                0x0000000008003244       0x98 build/queue.o
                0x0000000008003244                xQueueGenericCreateStatic
 .text.xQueueGenericCreate
                0x00000000080032dc       0x58 build/queue.o
                0x00000000080032dc                xQueueGenericCreate
 .text.xQueueGenericSend
                0x0000000008003334      0x1b8 build/queue.o
                0x0000000008003334                xQueueGenericSend
 .text.prvInitialiseMutex
                0x00000000080034ec       0x1c build/queue.o
 .text.xQueueCreateMutex
                0x0000000008003508       0x20 build/queue.o
                0x0000000008003508                xQueueCreateMutex
 .text.xQueueGenericSendFromISR
                0x0000000008003528       0xd8 build/queue.o
                0x0000000008003528                xQueueGenericSendFromISR
 .text.xQueueReceive
                0x0000000008003600      0x190 build/queue.o
                0x0000000008003600                xQueueReceive
 .text.xQueueSemaphoreTake
                0x0000000008003790      0x1e4 build/queue.o
                0x0000000008003790                xQueueSemaphoreTake
 .text.xQueuePeek
                0x0000000008003974      0x190 build/queue.o
                0x0000000008003974                xQueuePeek
 .text.vQueueAddToRegistry
                0x0000000008003b04       0x28 build/queue.o
                0x0000000008003b04                vQueueAddToRegistry
 .text.vQueueWaitForMessageRestricted
                0x0000000008003b2c       0x64 build/queue.o
                0x0000000008003b2c                vQueueWaitForMessageRestricted
 .text.prvResetNextTaskUnblockTime
                0x0000000008003b90       0x2c build/tasks.o
 .text.prvInitialiseNewTask
                0x0000000008003bbc       0xa8 build/tasks.o
 .text.prvInitialiseTaskLists
                0x0000000008003c64       0x64 build/tasks.o
 .text.prvAddNewTaskToReadyList
                0x0000000008003cc8       0xbc build/tasks.o
 .text.prvDeleteTCB
                0x0000000008003d84       0x3c build/tasks.o
 .text.prvCheckTasksWaitingTermination
                0x0000000008003dc0       0x5c build/tasks.o
 .text.prvIdleTask
                0x0000000008003e1c       0x2c build/tasks.o
 .text.prvAddCurrentTaskToDelayedList
                0x0000000008003e48       0x88 build/tasks.o
 .text.xTaskCreateStatic
                0x0000000008003ed0       0x7c build/tasks.o
                0x0000000008003ed0                xTaskCreateStatic
 .text.xTaskCreate
                0x0000000008003f4c       0x78 build/tasks.o
                0x0000000008003f4c                xTaskCreate
 .text.vTaskStartScheduler
                0x0000000008003fc4       0xac build/tasks.o
                0x0000000008003fc4                vTaskStartScheduler
 .text.vTaskSuspendAll
                0x0000000008004070       0x10 build/tasks.o
                0x0000000008004070                vTaskSuspendAll
 .text.xTaskGetTickCount
                0x0000000008004080        0xc build/tasks.o
                0x0000000008004080                xTaskGetTickCount
 .text.xTaskIncrementTick
                0x000000000800408c      0x124 build/tasks.o
                0x000000000800408c                xTaskIncrementTick
 .text.xTaskResumeAll
                0x00000000080041b0      0x10c build/tasks.o
                0x00000000080041b0                xTaskResumeAll
 .text.vTaskDelay
                0x00000000080042bc       0x58 build/tasks.o
                0x00000000080042bc                vTaskDelay
 .text.vTaskSwitchContext
                0x0000000008004314       0x94 build/tasks.o
                0x0000000008004314                vTaskSwitchContext
 .text.vTaskPlaceOnEventList
                0x00000000080043a8       0x38 build/tasks.o
                0x00000000080043a8                vTaskPlaceOnEventList
 .text.vTaskPlaceOnEventListRestricted
                0x00000000080043e0       0x40 build/tasks.o
                0x00000000080043e0                vTaskPlaceOnEventListRestricted
 .text.xTaskRemoveFromEventList
                0x0000000008004420       0x94 build/tasks.o
                0x0000000008004420                xTaskRemoveFromEventList
 .text.vTaskInternalSetTimeOutState
                0x00000000080044b4       0x18 build/tasks.o
                0x00000000080044b4                vTaskInternalSetTimeOutState
 .text.xTaskCheckForTimeOut
                0x00000000080044cc       0x90 build/tasks.o
                0x00000000080044cc                xTaskCheckForTimeOut
 .text.vTaskMissedYield
                0x000000000800455c        0xc build/tasks.o
                0x000000000800455c                vTaskMissedYield
 .text.xTaskGetSchedulerState
                0x0000000008004568       0x20 build/tasks.o
                0x0000000008004568                xTaskGetSchedulerState
 .text.xTaskPriorityInherit
                0x0000000008004588       0xa0 build/tasks.o
                0x0000000008004588                xTaskPriorityInherit
 .text.xTaskPriorityDisinherit
                0x0000000008004628       0x98 build/tasks.o
                0x0000000008004628                xTaskPriorityDisinherit
 .text.vTaskPriorityDisinheritAfterTimeout
                0x00000000080046c0       0xa8 build/tasks.o
                0x00000000080046c0                vTaskPriorityDisinheritAfterTimeout
 .text.pvTaskIncrementMutexHeldCount
                0x0000000008004768       0x1c build/tasks.o
                0x0000000008004768                pvTaskIncrementMutexHeldCount
 .text.ulTaskNotifyTake
                0x0000000008004784       0x84 build/tasks.o
                0x0000000008004784                ulTaskNotifyTake
 .text.vTaskNotifyGiveFromISR
                0x0000000008004808       0xdc build/tasks.o
                0x0000000008004808                vTaskNotifyGiveFromISR
 .text.prvGetNextExpireTime
                0x00000000080048e4       0x20 build/timers.o
 .text.prvInsertTimerInActiveList
                0x0000000008004904       0x4c build/timers.o
 .text.prvCheckForValidListAndQueue
                0x0000000008004950       0x80 build/timers.o
 .text.prvInitialiseNewTimer
                0x00000000080049d0       0x48 build/timers.o
 .text.xTimerCreateTimerTask
                0x0000000008004a18       0x70 build/timers.o
                0x0000000008004a18                xTimerCreateTimerTask
 .text.xTimerCreate
                0x0000000008004a88       0x40 build/timers.o
                0x0000000008004a88                xTimerCreate
 .text.xTimerGenericCommand
                0x0000000008004ac8       0x78 build/timers.o
                0x0000000008004ac8                xTimerGenericCommand
 .text.prvSwitchTimerLists
                0x0000000008004b40       0x88 build/timers.o
 .text.prvSampleTimeNow
                0x0000000008004bc8       0x34 build/timers.o
 .text.prvProcessExpiredTimer
                0x0000000008004bfc       0x6c build/timers.o
 .text.prvProcessTimerOrBlockTask
                0x0000000008004c68       0x88 build/timers.o
 .text.prvProcessReceivedCommands
                0x0000000008004cf0      0x110 build/timers.o
 .text.prvTimerTask
                0x0000000008004e00       0x24 build/timers.o
 .text.osKernelInitialize
                0x0000000008004e24       0x44 build/cmsis_os2.o
                0x0000000008004e24                osKernelInitialize
 .text.osKernelStart
                0x0000000008004e68       0x50 build/cmsis_os2.o
                0x0000000008004e68                osKernelStart
 .text.osThreadNew
                0x0000000008004eb8       0xf4 build/cmsis_os2.o
                0x0000000008004eb8                osThreadNew
 .text.osDelay  0x0000000008004fac       0x48 build/cmsis_os2.o
                0x0000000008004fac                osDelay
 .text.vApplicationGetIdleTaskMemory
                0x0000000008004ff4       0x18 build/cmsis_os2.o
                0x0000000008004ff4                vApplicationGetIdleTaskMemory
 .text.vApplicationGetTimerTaskMemory
                0x000000000800500c       0x18 build/cmsis_os2.o
                0x000000000800500c                vApplicationGetTimerTaskMemory
 .text.prvHeapInit
                0x0000000008005024       0x64 build/heap_4.o
 .text.prvInsertBlockIntoFreeList
                0x0000000008005088       0x60 build/heap_4.o
 .text.pvPortMalloc
                0x00000000080050e8      0x100 build/heap_4.o
                0x00000000080050e8                pvPortMalloc
 .text.vPortFree
                0x00000000080051e8       0x7c build/heap_4.o
                0x00000000080051e8                vPortFree
 .text.prvTaskExitError
                0x0000000008005264       0x40 build/port.o
 .text.prvPortStartFirstTask
                0x00000000080052a4       0x20 build/port.o
 .text.pxPortInitialiseStack
                0x00000000080052c4       0x24 build/port.o
                0x00000000080052c4                pxPortInitialiseStack
 *fill*         0x00000000080052e8        0x8 
 .text.SVC_Handler
                0x00000000080052f0       0x24 build/port.o
                0x00000000080052f0                SVC_Handler
 .text.vPortEnterCritical
                0x0000000008005314       0x44 build/port.o
                0x0000000008005314                vPortEnterCritical
 .text.vPortExitCritical
                0x0000000008005358       0x2c build/port.o
                0x0000000008005358                vPortExitCritical
 *fill*         0x0000000008005384        0xc 
 .text.PendSV_Handler
                0x0000000008005390       0x44 build/port.o
                0x0000000008005390                PendSV_Handler
 .text.SysTick_Handler
                0x00000000080053d4       0x30 build/port.o
                0x00000000080053d4                SysTick_Handler
 .text.vPortSetupTimerInterrupt
                0x0000000008005404       0x28 build/port.o
                0x0000000008005404                vPortSetupTimerInterrupt
 .text.xPortStartScheduler
                0x000000000800542c       0xb8 build/port.o
                0x000000000800542c                xPortStartScheduler
 .text.vPortValidateInterruptPriority
                0x00000000080054e4       0x5c build/port.o
                0x00000000080054e4                vPortValidateInterruptPriority
 .text.MX_ADC1_Init
                0x0000000008005540       0x68 build/adc.o
                0x0000000008005540                MX_ADC1_Init
 .text.HAL_ADC_MspInit
                0x00000000080055a8       0x7c build/adc.o
                0x00000000080055a8                HAL_ADC_MspInit
 .text.HAL_ADC_GetValue
                0x0000000008005624        0x6 build/stm32f1xx_hal_adc.o
                0x0000000008005624                HAL_ADC_GetValue
 .text.HAL_ADC_LevelOutOfWindowCallback
                0x000000000800562a        0x2 build/stm32f1xx_hal_adc.o
                0x000000000800562a                HAL_ADC_LevelOutOfWindowCallback
 .text.HAL_ADC_IRQHandler
                0x000000000800562c      0x118 build/stm32f1xx_hal_adc.o
                0x000000000800562c                HAL_ADC_IRQHandler
 .text.HAL_ADC_ConfigChannel
                0x0000000008005744      0x144 build/stm32f1xx_hal_adc.o
                0x0000000008005744                HAL_ADC_ConfigChannel
 .text.ADC_Enable
                0x0000000008005888       0x8c build/stm32f1xx_hal_adc.o
                0x0000000008005888                ADC_Enable
 .text.HAL_ADC_Start_IT
                0x0000000008005914       0xf4 build/stm32f1xx_hal_adc.o
                0x0000000008005914                HAL_ADC_Start_IT
 .text.ADC_ConversionStop_Disable
                0x0000000008005a08       0x5c build/stm32f1xx_hal_adc.o
                0x0000000008005a08                ADC_ConversionStop_Disable
 .text.HAL_ADC_Init
                0x0000000008005a64      0x110 build/stm32f1xx_hal_adc.o
                0x0000000008005a64                HAL_ADC_Init
 .text.HAL_ADCEx_InjectedConvCpltCallback
                0x0000000008005b74        0x2 build/stm32f1xx_hal_adc_ex.o
                0x0000000008005b74                HAL_ADCEx_InjectedConvCpltCallback
 *fill*         0x0000000008005b76        0x2 
 .text.Reset_Handler
                0x0000000008005b78       0x48 build/startup_stm32f103x6_init.o
                0x0000000008005b78                Reset_Handler
 .text.Default_Handler
                0x0000000008005bc0        0x2 build/startup_stm32f103x6_init.o
                0x0000000008005bc0                RTC_Alarm_IRQHandler
                0x0000000008005bc0                EXTI2_IRQHandler
                0x0000000008005bc0                TIM1_CC_IRQHandler
                0x0000000008005bc0                PVD_IRQHandler
                0x0000000008005bc0                EXTI3_IRQHandler
                0x0000000008005bc0                EXTI0_IRQHandler
                0x0000000008005bc0                SPI1_IRQHandler
                0x0000000008005bc0                TAMPER_IRQHandler
                0x0000000008005bc0                DMA1_Channel4_IRQHandler
                0x0000000008005bc0                RTC_IRQHandler
                0x0000000008005bc0                DMA1_Channel7_IRQHandler
                0x0000000008005bc0                CAN1_RX1_IRQHandler
                0x0000000008005bc0                I2C1_EV_IRQHandler
                0x0000000008005bc0                DMA1_Channel6_IRQHandler
                0x0000000008005bc0                TIM3_IRQHandler
                0x0000000008005bc0                RCC_IRQHandler
                0x0000000008005bc0                TIM1_TRG_COM_IRQHandler
                0x0000000008005bc0                DMA1_Channel1_IRQHandler
                0x0000000008005bc0                Default_Handler
                0x0000000008005bc0                DMA1_Channel5_IRQHandler
                0x0000000008005bc0                EXTI4_IRQHandler
                0x0000000008005bc0                USB_LP_CAN1_RX0_IRQHandler
                0x0000000008005bc0                USB_HP_CAN1_TX_IRQHandler
                0x0000000008005bc0                DMA1_Channel3_IRQHandler
                0x0000000008005bc0                WWDG_IRQHandler
                0x0000000008005bc0                TIM2_IRQHandler
                0x0000000008005bc0                TIM1_BRK_IRQHandler
                0x0000000008005bc0                EXTI1_IRQHandler
                0x0000000008005bc0                USART2_IRQHandler
                0x0000000008005bc0                DMA1_Channel2_IRQHandler
                0x0000000008005bc0                CAN1_SCE_IRQHandler
                0x0000000008005bc0                FLASH_IRQHandler
                0x0000000008005bc0                I2C1_ER_IRQHandler
                0x0000000008005bc0                USBWakeUp_IRQHandler
 *fill*         0x0000000008005bc2        0x2 
 .text.__libc_init_array
                0x0000000008005bc4       0x48 d:/mips/gnu mcu/arm-none-eabi-gcc-10.2.1-1.1/bin/../lib/gcc/arm-none-eabi/10.2.1/../../../../arm-none-eabi/lib/thumb/v7-m/nofp\libc_nano.a(lib_a-init.o)
                0x0000000008005bc4                __libc_init_array
 .text.__itoa   0x0000000008005c0c       0x30 d:/mips/gnu mcu/arm-none-eabi-gcc-10.2.1-1.1/bin/../lib/gcc/arm-none-eabi/10.2.1/../../../../arm-none-eabi/lib/thumb/v7-m/nofp\libc_nano.a(lib_a-itoa.o)
                0x0000000008005c0c                __itoa
 .text.itoa     0x0000000008005c3c        0x4 d:/mips/gnu mcu/arm-none-eabi-gcc-10.2.1-1.1/bin/../lib/gcc/arm-none-eabi/10.2.1/../../../../arm-none-eabi/lib/thumb/v7-m/nofp\libc_nano.a(lib_a-itoa.o)
                0x0000000008005c3c                itoa
 .text.memcpy   0x0000000008005c40       0x1c d:/mips/gnu mcu/arm-none-eabi-gcc-10.2.1-1.1/bin/../lib/gcc/arm-none-eabi/10.2.1/../../../../arm-none-eabi/lib/thumb/v7-m/nofp\libc_nano.a(lib_a-memcpy-stub.o)
                0x0000000008005c40                memcpy
 .text.memset   0x0000000008005c5c       0x10 d:/mips/gnu mcu/arm-none-eabi-gcc-10.2.1-1.1/bin/../lib/gcc/arm-none-eabi/10.2.1/../../../../arm-none-eabi/lib/thumb/v7-m/nofp\libc_nano.a(lib_a-memset.o)
                0x0000000008005c5c                memset
 .text.__utoa   0x0000000008005c6c       0x84 d:/mips/gnu mcu/arm-none-eabi-gcc-10.2.1-1.1/bin/../lib/gcc/arm-none-eabi/10.2.1/../../../../arm-none-eabi/lib/thumb/v7-m/nofp\libc_nano.a(lib_a-utoa.o)
                0x0000000008005c6c                __utoa
 *(.glue_7)
 .glue_7        0x0000000008005cf0        0x0 linker stubs
 *(.glue_7t)
 .glue_7t       0x0000000008005cf0        0x0 linker stubs
 *(.eh_frame)
 .eh_frame      0x0000000008005cf0        0x0 d:/mips/gnu mcu/arm-none-eabi-gcc-10.2.1-1.1/bin/../lib/gcc/arm-none-eabi/10.2.1/thumb/v7-m/nofp/crtbegin.o
 *(.init)
 .init          0x0000000008005cf0        0x4 d:/mips/gnu mcu/arm-none-eabi-gcc-10.2.1-1.1/bin/../lib/gcc/arm-none-eabi/10.2.1/thumb/v7-m/nofp/crti.o
                0x0000000008005cf0                _init
 .init          0x0000000008005cf4        0x8 d:/mips/gnu mcu/arm-none-eabi-gcc-10.2.1-1.1/bin/../lib/gcc/arm-none-eabi/10.2.1/thumb/v7-m/nofp/crtn.o
 *(.fini)
 .fini          0x0000000008005cfc        0x4 d:/mips/gnu mcu/arm-none-eabi-gcc-10.2.1-1.1/bin/../lib/gcc/arm-none-eabi/10.2.1/thumb/v7-m/nofp/crti.o
                0x0000000008005cfc                _fini
 .fini          0x0000000008005d00        0x8 d:/mips/gnu mcu/arm-none-eabi-gcc-10.2.1-1.1/bin/../lib/gcc/arm-none-eabi/10.2.1/thumb/v7-m/nofp/crtn.o
                0x0000000008005d08                . = ALIGN (0x4)
                0x0000000008005d08                _etext = .

.vfp11_veneer   0x0000000008005d08        0x0
 .vfp11_veneer  0x0000000008005d08        0x0 linker stubs

.v4_bx          0x0000000008005d08        0x0
 .v4_bx         0x0000000008005d08        0x0 linker stubs

.iplt           0x0000000008005d08        0x0
 .iplt          0x0000000008005d08        0x0 d:/mips/gnu mcu/arm-none-eabi-gcc-10.2.1-1.1/bin/../lib/gcc/arm-none-eabi/10.2.1/thumb/v7-m/nofp/crtbegin.o

.rodata         0x0000000008005d08      0x144
                0x0000000008005d08                . = ALIGN (0x4)
 *(.rodata)
 *(.rodata*)
 .rodata.TEMP_Init.str1.4
                0x0000000008005d08        0xa build/driver_temp.o
 *fill*         0x0000000008005d12        0x2 
 .rodata.UART_Init.str1.4
                0x0000000008005d14       0x1c build/driver_uart.o
 .rodata.LCD_Init.str1.4
                0x0000000008005d30        0x9 build/driver_lcd.o
 *fill*         0x0000000008005d39        0x3 
 .rodata.KEY_Init.str1.4
                0x0000000008005d3c       0x16 build/keypad.o
 *fill*         0x0000000008005d52        0x2 
 .rodata.KEY_MATRIX
                0x0000000008005d54        0xc build/keypad.o
                0x0000000008005d54                KEY_MATRIX
 .rodata.homeworkTask.str1.4
                0x0000000008005d60       0x22 build/homework.o
 *fill*         0x0000000008005d82        0x2 
 .rodata.homeworkInit.str1.4
                0x0000000008005d84       0x29 build/homework.o
 *fill*         0x0000000008005dad        0x3 
 .rodata.str1.4
                0x0000000008005db0        0xc build/freertos.o
 .rodata.defaultTask_attributes
                0x0000000008005dbc       0x24 build/freertos.o
                0x0000000008005dbc                defaultTask_attributes
 .rodata.HAL_RCC_GetSysClockFreq.str1.4
                0x0000000008005de0       0x11 build/stm32f1xx_hal_rcc.o
 *fill*         0x0000000008005df1        0x3 
 .rodata.AHBPrescTable
                0x0000000008005df4       0x10 build/system_stm32f1xx.o
                0x0000000008005df4                AHBPrescTable
 .rodata.APBPrescTable
                0x0000000008005e04        0x8 build/system_stm32f1xx.o
                0x0000000008005e04                APBPrescTable
 .rodata.vTaskStartScheduler.str1.4
                0x0000000008005e0c        0x5 build/tasks.o
 *fill*         0x0000000008005e11        0x3 
 .rodata.prvCheckForValidListAndQueue.str1.4
                0x0000000008005e14        0x5 build/timers.o
 *fill*         0x0000000008005e19        0x3 
 .rodata.xTimerCreateTimerTask.str1.4
                0x0000000008005e1c        0x8 build/timers.o
 .rodata.__utoa.str1.1
                0x0000000008005e24       0x25 d:/mips/gnu mcu/arm-none-eabi-gcc-10.2.1-1.1/bin/../lib/gcc/arm-none-eabi/10.2.1/../../../../arm-none-eabi/lib/thumb/v7-m/nofp\libc_nano.a(lib_a-utoa.o)
                0x0000000008005e4c                . = ALIGN (0x4)
 *fill*         0x0000000008005e49        0x3 

.rel.dyn        0x0000000008005e4c        0x0
 .rel.iplt      0x0000000008005e4c        0x0 d:/mips/gnu mcu/arm-none-eabi-gcc-10.2.1-1.1/bin/../lib/gcc/arm-none-eabi/10.2.1/thumb/v7-m/nofp/crtbegin.o

.ARM.extab
 *(.ARM.extab* .gnu.linkonce.armextab.*)

.ARM            0x0000000008005e4c        0x0
                0x0000000008005e4c                __exidx_start = .
 *(.ARM.exidx*)
                0x0000000008005e4c                __exidx_end = .

.preinit_array  0x0000000008005e4c        0x0
                0x0000000008005e4c                PROVIDE (__preinit_array_start = .)
 *(.preinit_array*)
                0x0000000008005e4c                PROVIDE (__preinit_array_end = .)

.init_array     0x0000000008005e4c        0x4
                0x0000000008005e4c                PROVIDE (__init_array_start = .)
 *(SORT_BY_NAME(.init_array.*))
 *(.init_array*)
 .init_array    0x0000000008005e4c        0x4 d:/mips/gnu mcu/arm-none-eabi-gcc-10.2.1-1.1/bin/../lib/gcc/arm-none-eabi/10.2.1/thumb/v7-m/nofp/crtbegin.o
                0x0000000008005e50                PROVIDE (__init_array_end = .)

.fini_array     0x0000000008005e50        0x4
                [!provide]                        PROVIDE (__fini_array_start = .)
 *(SORT_BY_NAME(.fini_array.*))
 *(.fini_array*)
 .fini_array    0x0000000008005e50        0x4 d:/mips/gnu mcu/arm-none-eabi-gcc-10.2.1-1.1/bin/../lib/gcc/arm-none-eabi/10.2.1/thumb/v7-m/nofp/crtbegin.o
                [!provide]                        PROVIDE (__fini_array_end = .)
                0x0000000008005e54                _sidata = LOADADDR (.data)

.data           0x0000000020000000       0x1c load address 0x0000000008005e54
                0x0000000020000000                . = ALIGN (0x4)
                0x0000000020000000                _sdata = .
 *(.data)
 *(.data*)
 .data.keyReleased
                0x0000000020000000        0x4 build/keypad.o
 .data.keysChanged
                0x0000000020000004        0x4 build/keypad.o
                0x0000000020000004                keysChanged
 .data.temp_granica
                0x0000000020000008        0x4 build/keypad.o
                0x0000000020000008                temp_granica
 .data.uwTickFreq
                0x000000002000000c        0x1 build/stm32f1xx_hal.o
                0x000000002000000c                uwTickFreq
 *fill*         0x000000002000000d        0x3 
 .data.uwTickPrio
                0x0000000020000010        0x4 build/stm32f1xx_hal.o
                0x0000000020000010                uwTickPrio
 .data.SystemCoreClock
                0x0000000020000014        0x4 build/system_stm32f1xx.o
                0x0000000020000014                SystemCoreClock
 .data.uxCriticalNesting
                0x0000000020000018        0x4 build/port.o
                0x000000002000001c                . = ALIGN (0x4)
                0x000000002000001c                _edata = .

.igot.plt       0x000000002000001c        0x0 load address 0x0000000008005e70
 .igot.plt      0x000000002000001c        0x0 d:/mips/gnu mcu/arm-none-eabi-gcc-10.2.1-1.1/bin/../lib/gcc/arm-none-eabi/10.2.1/thumb/v7-m/nofp/crtbegin.o
                0x000000002000001c                . = ALIGN (0x4)

.bss            0x000000002000001c     0x1ec4 load address 0x0000000008005e70
                0x000000002000001c                _sbss = .
                0x000000002000001c                __bss_start__ = _sbss
 *(.bss)
 *(.bss*)
 .bss.completed.1
                0x000000002000001c        0x1 d:/mips/gnu mcu/arm-none-eabi-gcc-10.2.1-1.1/bin/../lib/gcc/arm-none-eabi/10.2.1/thumb/v7-m/nofp/crtbegin.o
 *fill*         0x000000002000001d        0x3 
 .bss.object.0  0x0000000020000020       0x18 d:/mips/gnu mcu/arm-none-eabi-gcc-10.2.1-1.1/bin/../lib/gcc/arm-none-eabi/10.2.1/thumb/v7-m/nofp/crtbegin.o
 .bss.TEMP_MailboxHandle
                0x0000000020000038        0x4 build/driver_temp.o
 .bss.TEMP_TaskHandle
                0x000000002000003c        0x4 build/driver_temp.o
 .bss.compareRegisterValue
                0x0000000020000040        0x4 build/driver_motor.o
 .bss.UART_ReceiveMutexHandle
                0x0000000020000044        0x4 build/driver_uart.o
 .bss.UART_ReceiveQueueHandle
                0x0000000020000048        0x4 build/driver_uart.o
 .bss.UART_ReceiveTaskHandle
                0x000000002000004c        0x4 build/driver_uart.o
 .bss.UART_TransmitMutexHandle
                0x0000000020000050        0x4 build/driver_uart.o
 .bss.UART_TransmitQueueHandle
                0x0000000020000054        0x4 build/driver_uart.o
 .bss.UART_TransmitTaskHandle
                0x0000000020000058        0x4 build/driver_uart.o
 .bss.LCD_QueueHandle
                0x000000002000005c        0x4 build/driver_lcd.o
 .bss.LCD_TaskHandle
                0x0000000020000060        0x4 build/driver_lcd.o
 .bss.KEY_TaskHandle
                0x0000000020000064        0x4 build/keypad.o
                0x0000000020000064                KEY_TaskHandle
 .bss.KEY_TimerHandle
                0x0000000020000068        0x4 build/keypad.o
                0x0000000020000068                KEY_TimerHandle
 .bss.keyCount  0x000000002000006c        0x4 build/keypad.o
 .bss.keys      0x0000000020000070        0x2 build/keypad.o
                0x0000000020000070                keys
 .bss.fanState  0x0000000020000072        0x1 build/homework.o
                0x0000000020000072                fanState
 *fill*         0x0000000020000073        0x1 
 .bss.homeworkTimer
                0x0000000020000074        0x4 build/homework.o
                0x0000000020000074                homeworkTimer
 .bss.ledTimer  0x0000000020000078        0x4 build/homework.o
                0x0000000020000078                ledTimer
 .bss.passedMs  0x000000002000007c        0x4 build/homework.o
                0x000000002000007c                passedMs
 .bss.rainfall  0x0000000020000080        0x4 build/homework.o
                0x0000000020000080                rainfall
 .bss.tempText  0x0000000020000084        0x4 build/homework.o
 .bss.tempValue
                0x0000000020000088        0x4 build/homework.o
 .bss.defaultTaskHandle
                0x000000002000008c        0x4 build/freertos.o
                0x000000002000008c                defaultTaskHandle
 .bss.htim3     0x0000000020000090       0x48 build/tim.o
                0x0000000020000090                htim3
 .bss.huart1    0x00000000200000d8       0x44 build/usart.o
                0x00000000200000d8                huart1
 .bss.htim1     0x000000002000011c       0x48 build/stm32f1xx_hal_timebase_tim.o
                0x000000002000011c                htim1
 .bss.uwTick    0x0000000020000164        0x4 build/stm32f1xx_hal.o
                0x0000000020000164                uwTick
 .bss.xQueueRegistry
                0x0000000020000168       0x40 build/queue.o
                0x0000000020000168                xQueueRegistry
 .bss.pxCurrentTCB
                0x00000000200001a8        0x4 build/tasks.o
                0x00000000200001a8                pxCurrentTCB
 .bss.pxDelayedTaskList
                0x00000000200001ac        0x4 build/tasks.o
 .bss.pxOverflowDelayedTaskList
                0x00000000200001b0        0x4 build/tasks.o
 .bss.pxReadyTasksLists
                0x00000000200001b4      0x460 build/tasks.o
 .bss.uxCurrentNumberOfTasks
                0x0000000020000614        0x4 build/tasks.o
 .bss.uxDeletedTasksWaitingCleanUp
                0x0000000020000618        0x4 build/tasks.o
 .bss.uxPendedTicks
                0x000000002000061c        0x4 build/tasks.o
 .bss.uxSchedulerSuspended
                0x0000000020000620        0x4 build/tasks.o
 .bss.uxTaskNumber
                0x0000000020000624        0x4 build/tasks.o
 .bss.uxTopReadyPriority
                0x0000000020000628        0x4 build/tasks.o
 .bss.xDelayedTaskList1
                0x000000002000062c       0x14 build/tasks.o
 .bss.xDelayedTaskList2
                0x0000000020000640       0x14 build/tasks.o
 .bss.xIdleTaskHandle
                0x0000000020000654        0x4 build/tasks.o
 .bss.xNextTaskUnblockTime
                0x0000000020000658        0x4 build/tasks.o
 .bss.xNumOfOverflows
                0x000000002000065c        0x4 build/tasks.o
 .bss.xPendingReadyList
                0x0000000020000660       0x14 build/tasks.o
 .bss.xSchedulerRunning
                0x0000000020000674        0x4 build/tasks.o
 .bss.xSuspendedTaskList
                0x0000000020000678       0x14 build/tasks.o
 .bss.xTasksWaitingTermination
                0x000000002000068c       0x14 build/tasks.o
 .bss.xTickCount
                0x00000000200006a0        0x4 build/tasks.o
 .bss.xYieldPending
                0x00000000200006a4        0x4 build/tasks.o
 .bss.pxCurrentTimerList
                0x00000000200006a8        0x4 build/timers.o
 .bss.pxOverflowTimerList
                0x00000000200006ac        0x4 build/timers.o
 .bss.ucStaticTimerQueueStorage.1
                0x00000000200006b0       0xa0 build/timers.o
 .bss.xActiveTimerList1
                0x0000000020000750       0x14 build/timers.o
 .bss.xActiveTimerList2
                0x0000000020000764       0x14 build/timers.o
 .bss.xLastTime.2
                0x0000000020000778        0x4 build/timers.o
 .bss.xStaticTimerQueue.0
                0x000000002000077c       0x50 build/timers.o
 .bss.xTimerQueue
                0x00000000200007cc        0x4 build/timers.o
 .bss.xTimerTaskHandle
                0x00000000200007d0        0x4 build/timers.o
 .bss.Idle_Stack
                0x00000000200007d4      0x200 build/cmsis_os2.o
 .bss.Idle_TCB  0x00000000200009d4       0x5c build/cmsis_os2.o
 .bss.KernelState
                0x0000000020000a30        0x4 build/cmsis_os2.o
 .bss.Timer_Stack
                0x0000000020000a34      0x400 build/cmsis_os2.o
 .bss.Timer_TCB
                0x0000000020000e34       0x5c build/cmsis_os2.o
 .bss.pxEnd     0x0000000020000e90        0x4 build/heap_4.o
 .bss.ucHeap    0x0000000020000e94     0x1000 build/heap_4.o
 .bss.xBlockAllocatedBit
                0x0000000020001e94        0x4 build/heap_4.o
 .bss.xFreeBytesRemaining
                0x0000000020001e98        0x4 build/heap_4.o
 .bss.xMinimumEverFreeBytesRemaining
                0x0000000020001e9c        0x4 build/heap_4.o
 .bss.xStart    0x0000000020001ea0        0x8 build/heap_4.o
 .bss.ucMaxSysCallPriority
                0x0000000020001ea8        0x1 build/port.o
 *fill*         0x0000000020001ea9        0x3 
 .bss.ulMaxPRIGROUPValue
                0x0000000020001eac        0x4 build/port.o
 .bss.hadc1     0x0000000020001eb0       0x30 build/adc.o
                0x0000000020001eb0                hadc1
 *(COMMON)
                0x0000000020001ee0                . = ALIGN (0x4)
                0x0000000020001ee0                _ebss = .
                0x0000000020001ee0                __bss_end__ = _ebss

._user_heap_stack
                0x0000000020001ee0      0x600 load address 0x0000000008005e70
                0x0000000020001ee0                . = ALIGN (0x8)
                [!provide]                        PROVIDE (end = .)
                [!provide]                        PROVIDE (_end = .)
                0x00000000200020e0                . = (. + _Min_Heap_Size)
 *fill*         0x0000000020001ee0      0x200 
                0x00000000200024e0                . = (. + _Min_Stack_Size)
 *fill*         0x00000000200020e0      0x400 
                0x00000000200024e0                . = ALIGN (0x8)

/DISCARD/
 libc.a(*)
 libm.a(*)
 libgcc.a(*)

.ARM.attributes
                0x0000000000000000       0x29
 *(.ARM.attributes)
 .ARM.attributes
                0x0000000000000000       0x1d d:/mips/gnu mcu/arm-none-eabi-gcc-10.2.1-1.1/bin/../lib/gcc/arm-none-eabi/10.2.1/thumb/v7-m/nofp/crti.o
 .ARM.attributes
                0x000000000000001d       0x2d d:/mips/gnu mcu/arm-none-eabi-gcc-10.2.1-1.1/bin/../lib/gcc/arm-none-eabi/10.2.1/thumb/v7-m/nofp/crtbegin.o
 .ARM.attributes
                0x000000000000004a       0x2d build/driver_temp.o
 .ARM.attributes
                0x0000000000000077       0x2d build/driver_motor.o
 .ARM.attributes
                0x00000000000000a4       0x2d build/driver_uart.o
 .ARM.attributes
                0x00000000000000d1       0x2d build/driver_lcd.o
 .ARM.attributes
                0x00000000000000fe       0x2d build/keypad.o
 .ARM.attributes
                0x000000000000012b       0x2d build/homework.o
 .ARM.attributes
                0x0000000000000158       0x2d build/main.o
 .ARM.attributes
                0x0000000000000185       0x2d build/gpio.o
 .ARM.attributes
                0x00000000000001b2       0x2d build/freertos.o
 .ARM.attributes
                0x00000000000001df       0x2d build/tim.o
 .ARM.attributes
                0x000000000000020c       0x2d build/usart.o
 .ARM.attributes
                0x0000000000000239       0x2d build/stm32f1xx_it.o
 .ARM.attributes
                0x0000000000000266       0x2d build/stm32f1xx_hal_msp.o
 .ARM.attributes
                0x0000000000000293       0x2d build/stm32f1xx_hal_timebase_tim.o
 .ARM.attributes
                0x00000000000002c0       0x2d build/stm32f1xx_hal.o
 .ARM.attributes
                0x00000000000002ed       0x2d build/stm32f1xx_hal_rcc.o
 .ARM.attributes
                0x000000000000031a       0x2d build/stm32f1xx_hal_rcc_ex.o
 .ARM.attributes
                0x0000000000000347       0x2d build/stm32f1xx_hal_gpio.o
 .ARM.attributes
                0x0000000000000374       0x2d build/stm32f1xx_hal_dma.o
 .ARM.attributes
                0x00000000000003a1       0x2d build/stm32f1xx_hal_cortex.o
 .ARM.attributes
                0x00000000000003ce       0x2d build/stm32f1xx_hal_tim.o
 .ARM.attributes
                0x00000000000003fb       0x2d build/stm32f1xx_hal_tim_ex.o
 .ARM.attributes
                0x0000000000000428       0x2d build/stm32f1xx_hal_uart.o
 .ARM.attributes
                0x0000000000000455       0x2d build/system_stm32f1xx.o
 .ARM.attributes
                0x0000000000000482       0x2d build/list.o
 .ARM.attributes
                0x00000000000004af       0x2d build/queue.o
 .ARM.attributes
                0x00000000000004dc       0x2d build/tasks.o
 .ARM.attributes
                0x0000000000000509       0x2d build/timers.o
 .ARM.attributes
                0x0000000000000536       0x2d build/cmsis_os2.o
 .ARM.attributes
                0x0000000000000563       0x2d build/heap_4.o
 .ARM.attributes
                0x0000000000000590       0x2d build/port.o
 .ARM.attributes
                0x00000000000005bd       0x2d build/adc.o
 .ARM.attributes
                0x00000000000005ea       0x2d build/stm32f1xx_hal_adc.o
 .ARM.attributes
                0x0000000000000617       0x2d build/stm32f1xx_hal_adc_ex.o
 .ARM.attributes
                0x0000000000000644       0x21 build/startup_stm32f103x6_init.o
 .ARM.attributes
                0x0000000000000665       0x2d d:/mips/gnu mcu/arm-none-eabi-gcc-10.2.1-1.1/bin/../lib/gcc/arm-none-eabi/10.2.1/../../../../arm-none-eabi/lib/thumb/v7-m/nofp\libc_nano.a(lib_a-init.o)
 .ARM.attributes
                0x0000000000000692       0x2d d:/mips/gnu mcu/arm-none-eabi-gcc-10.2.1-1.1/bin/../lib/gcc/arm-none-eabi/10.2.1/../../../../arm-none-eabi/lib/thumb/v7-m/nofp\libc_nano.a(lib_a-itoa.o)
 .ARM.attributes
                0x00000000000006bf       0x2d d:/mips/gnu mcu/arm-none-eabi-gcc-10.2.1-1.1/bin/../lib/gcc/arm-none-eabi/10.2.1/../../../../arm-none-eabi/lib/thumb/v7-m/nofp\libc_nano.a(lib_a-memcpy-stub.o)
 .ARM.attributes
                0x00000000000006ec       0x2d d:/mips/gnu mcu/arm-none-eabi-gcc-10.2.1-1.1/bin/../lib/gcc/arm-none-eabi/10.2.1/../../../../arm-none-eabi/lib/thumb/v7-m/nofp\libc_nano.a(lib_a-memset.o)
 .ARM.attributes
                0x0000000000000719       0x17 d:/mips/gnu mcu/arm-none-eabi-gcc-10.2.1-1.1/bin/../lib/gcc/arm-none-eabi/10.2.1/../../../../arm-none-eabi/lib/thumb/v7-m/nofp\libc_nano.a(lib_a-strlen.o)
 .ARM.attributes
                0x0000000000000730       0x2d d:/mips/gnu mcu/arm-none-eabi-gcc-10.2.1-1.1/bin/../lib/gcc/arm-none-eabi/10.2.1/../../../../arm-none-eabi/lib/thumb/v7-m/nofp\libc_nano.a(lib_a-utoa.o)
 .ARM.attributes
                0x000000000000075d       0x1d d:/mips/gnu mcu/arm-none-eabi-gcc-10.2.1-1.1/bin/../lib/gcc/arm-none-eabi/10.2.1/thumb/v7-m/nofp\libgcc.a(_arm_mulsf3.o)
 .ARM.attributes
                0x000000000000077a       0x1d d:/mips/gnu mcu/arm-none-eabi-gcc-10.2.1-1.1/bin/../lib/gcc/arm-none-eabi/10.2.1/thumb/v7-m/nofp\libgcc.a(_arm_addsubsf3.o)
 .ARM.attributes
                0x0000000000000797       0x1d d:/mips/gnu mcu/arm-none-eabi-gcc-10.2.1-1.1/bin/../lib/gcc/arm-none-eabi/10.2.1/thumb/v7-m/nofp\libgcc.a(_arm_cmpsf2.o)
 .ARM.attributes
                0x00000000000007b4       0x1d d:/mips/gnu mcu/arm-none-eabi-gcc-10.2.1-1.1/bin/../lib/gcc/arm-none-eabi/10.2.1/thumb/v7-m/nofp\libgcc.a(_arm_fixunssfsi.o)
 .ARM.attributes
                0x00000000000007d1       0x1d d:/mips/gnu mcu/arm-none-eabi-gcc-10.2.1-1.1/bin/../lib/gcc/arm-none-eabi/10.2.1/thumb/v7-m/nofp/crtn.o
OUTPUT(build/code.elf elf32-littlearm)
LOAD linker stubs
LOAD d:/mips/gnu mcu/arm-none-eabi-gcc-10.2.1-1.1/bin/../lib/gcc/arm-none-eabi/10.2.1/../../../../arm-none-eabi/lib/thumb/v7-m/nofp\libc.a
LOAD d:/mips/gnu mcu/arm-none-eabi-gcc-10.2.1-1.1/bin/../lib/gcc/arm-none-eabi/10.2.1/../../../../arm-none-eabi/lib/thumb/v7-m/nofp\libm.a
LOAD d:/mips/gnu mcu/arm-none-eabi-gcc-10.2.1-1.1/bin/../lib/gcc/arm-none-eabi/10.2.1/thumb/v7-m/nofp\libgcc.a

.debug_info     0x0000000000000000    0x21cbe
 .debug_info    0x0000000000000000      0x83a build/driver_temp.o
 .debug_info    0x000000000000083a      0x706 build/driver_motor.o
 .debug_info    0x0000000000000f40      0xd85 build/driver_uart.o
 .debug_info    0x0000000000001cc5      0x583 build/driver_lcd.o
 .debug_info    0x0000000000002248      0x5cd build/keypad.o
 .debug_info    0x0000000000002815      0x8f5 build/homework.o
 .debug_info    0x000000000000310a      0xac2 build/main.o
 .debug_info    0x0000000000003bcc      0x549 build/gpio.o
 .debug_info    0x0000000000004115      0x379 build/freertos.o
 .debug_info    0x000000000000448e      0xbd8 build/tim.o
 .debug_info    0x0000000000005066      0xa78 build/usart.o
 .debug_info    0x0000000000005ade      0xd36 build/stm32f1xx_it.o
 .debug_info    0x0000000000006814      0x392 build/stm32f1xx_hal_msp.o
 .debug_info    0x0000000000006ba6      0xaa6 build/stm32f1xx_hal_timebase_tim.o
 .debug_info    0x000000000000764c      0x837 build/stm32f1xx_hal.o
 .debug_info    0x0000000000007e83      0xaec build/stm32f1xx_hal_rcc.o
 .debug_info    0x000000000000896f      0x479 build/stm32f1xx_hal_rcc_ex.o
 .debug_info    0x0000000000008de8      0x6d7 build/stm32f1xx_hal_gpio.o
 .debug_info    0x00000000000094bf      0x8bb build/stm32f1xx_hal_dma.o
 .debug_info    0x0000000000009d7a      0xe0f build/stm32f1xx_hal_cortex.o
 .debug_info    0x000000000000ab89     0x3e12 build/stm32f1xx_hal_tim.o
 .debug_info    0x000000000000e99b     0x1b67 build/stm32f1xx_hal_tim_ex.o
 .debug_info    0x0000000000010502     0x1e17 build/stm32f1xx_hal_uart.o
 .debug_info    0x0000000000012319      0x26e build/system_stm32f1xx.o
 .debug_info    0x0000000000012587      0x309 build/list.o
 .debug_info    0x0000000000012890     0x2875 build/queue.o
 .debug_info    0x0000000000015105     0x31ce build/tasks.o
 .debug_info    0x00000000000182d3     0x1a79 build/timers.o
 .debug_info    0x0000000000019d4c     0x4d74 build/cmsis_os2.o
 .debug_info    0x000000000001eac0      0x49b build/heap_4.o
 .debug_info    0x000000000001ef5b      0x54d build/port.o
 .debug_info    0x000000000001f4a8      0xab9 build/adc.o
 .debug_info    0x000000000001ff61     0x1026 build/stm32f1xx_hal_adc.o
 .debug_info    0x0000000000020f87      0xd15 build/stm32f1xx_hal_adc_ex.o
 .debug_info    0x0000000000021c9c       0x22 build/startup_stm32f103x6_init.o

.debug_abbrev   0x0000000000000000     0x4c2a
 .debug_abbrev  0x0000000000000000      0x1fa build/driver_temp.o
 .debug_abbrev  0x00000000000001fa      0x195 build/driver_motor.o
 .debug_abbrev  0x000000000000038f      0x246 build/driver_uart.o
 .debug_abbrev  0x00000000000005d5      0x1c5 build/driver_lcd.o
 .debug_abbrev  0x000000000000079a      0x1fb build/keypad.o
 .debug_abbrev  0x0000000000000995      0x245 build/homework.o
 .debug_abbrev  0x0000000000000bda      0x214 build/main.o
 .debug_abbrev  0x0000000000000dee      0x15c build/gpio.o
 .debug_abbrev  0x0000000000000f4a      0x10e build/freertos.o
 .debug_abbrev  0x0000000000001058      0x220 build/tim.o
 .debug_abbrev  0x0000000000001278      0x1ce build/usart.o
 .debug_abbrev  0x0000000000001446      0x1b8 build/stm32f1xx_it.o
 .debug_abbrev  0x00000000000015fe      0x130 build/stm32f1xx_hal_msp.o
 .debug_abbrev  0x000000000000172e      0x1ef build/stm32f1xx_hal_timebase_tim.o
 .debug_abbrev  0x000000000000191d      0x1f7 build/stm32f1xx_hal.o
 .debug_abbrev  0x0000000000001b14      0x29a build/stm32f1xx_hal_rcc.o
 .debug_abbrev  0x0000000000001dae      0x1d5 build/stm32f1xx_hal_rcc_ex.o
 .debug_abbrev  0x0000000000001f83      0x222 build/stm32f1xx_hal_gpio.o
 .debug_abbrev  0x00000000000021a5      0x244 build/stm32f1xx_hal_dma.o
 .debug_abbrev  0x00000000000023e9      0x359 build/stm32f1xx_hal_cortex.o
 .debug_abbrev  0x0000000000002742      0x296 build/stm32f1xx_hal_tim.o
 .debug_abbrev  0x00000000000029d8      0x298 build/stm32f1xx_hal_tim_ex.o
 .debug_abbrev  0x0000000000002c70      0x2ab build/stm32f1xx_hal_uart.o
 .debug_abbrev  0x0000000000002f1b      0x140 build/system_stm32f1xx.o
 .debug_abbrev  0x000000000000305b      0x124 build/list.o
 .debug_abbrev  0x000000000000317f      0x3e7 build/queue.o
 .debug_abbrev  0x0000000000003566      0x399 build/tasks.o
 .debug_abbrev  0x00000000000038ff      0x35d build/timers.o
 .debug_abbrev  0x0000000000003c5c      0x459 build/cmsis_os2.o
 .debug_abbrev  0x00000000000040b5      0x255 build/heap_4.o
 .debug_abbrev  0x000000000000430a      0x29d build/port.o
 .debug_abbrev  0x00000000000045a7      0x1ce build/adc.o
 .debug_abbrev  0x0000000000004775      0x239 build/stm32f1xx_hal_adc.o
 .debug_abbrev  0x00000000000049ae      0x26a build/stm32f1xx_hal_adc_ex.o
 .debug_abbrev  0x0000000000004c18       0x12 build/startup_stm32f103x6_init.o

.debug_loc      0x0000000000000000    0x1bb43
 .debug_loc     0x0000000000000000      0x11e build/driver_temp.o
 .debug_loc     0x000000000000011e       0x20 build/driver_motor.o
 .debug_loc     0x000000000000013e      0x453 build/driver_uart.o
 .debug_loc     0x0000000000000591      0x29e build/driver_lcd.o
 .debug_loc     0x000000000000082f      0x212 build/keypad.o
 .debug_loc     0x0000000000000a41      0x191 build/homework.o
 .debug_loc     0x0000000000000bd2       0xc8 build/main.o
 .debug_loc     0x0000000000000c9a       0x38 build/gpio.o
 .debug_loc     0x0000000000000cd2       0x65 build/freertos.o
 .debug_loc     0x0000000000000d37       0xf8 build/tim.o
 .debug_loc     0x0000000000000e2f      0x108 build/usart.o
 .debug_loc     0x0000000000000f37       0xa0 build/stm32f1xx_it.o
 .debug_loc     0x0000000000000fd7       0x4d build/stm32f1xx_hal_msp.o
 .debug_loc     0x0000000000001024       0xcd build/stm32f1xx_hal_timebase_tim.o
 .debug_loc     0x00000000000010f1      0x1e1 build/stm32f1xx_hal.o
 .debug_loc     0x00000000000012d2      0x7ee build/stm32f1xx_hal_rcc.o
 .debug_loc     0x0000000000001ac0      0x444 build/stm32f1xx_hal_rcc_ex.o
 .debug_loc     0x0000000000001f04      0x511 build/stm32f1xx_hal_gpio.o
 .debug_loc     0x0000000000002415      0x901 build/stm32f1xx_hal_dma.o
 .debug_loc     0x0000000000002d16      0x77f build/stm32f1xx_hal_cortex.o
 .debug_loc     0x0000000000003495     0x56a6 build/stm32f1xx_hal_tim.o
 .debug_loc     0x0000000000008b3b     0x20a0 build/stm32f1xx_hal_tim_ex.o
 .debug_loc     0x000000000000abdb     0x26ad build/stm32f1xx_hal_uart.o
 .debug_loc     0x000000000000d288       0xff build/system_stm32f1xx.o
 .debug_loc     0x000000000000d387       0xe5 build/list.o
 .debug_loc     0x000000000000d46c     0x2038 build/queue.o
 .debug_loc     0x000000000000f4a4     0x2c73 build/tasks.o
 .debug_loc     0x0000000000012117     0x156b build/timers.o
 .debug_loc     0x0000000000013682     0x6519 build/cmsis_os2.o
 .debug_loc     0x0000000000019b9b      0x3c1 build/heap_4.o
 .debug_loc     0x0000000000019f5c      0x16c build/port.o
 .debug_loc     0x000000000001a0c8      0x12c build/adc.o
 .debug_loc     0x000000000001a1f4      0xe92 build/stm32f1xx_hal_adc.o
 .debug_loc     0x000000000001b086      0xabd build/stm32f1xx_hal_adc_ex.o

.debug_aranges  0x0000000000000000     0x16d0
 .debug_aranges
                0x0000000000000000       0x38 build/driver_temp.o
 .debug_aranges
                0x0000000000000038       0x30 build/driver_motor.o
 .debug_aranges
                0x0000000000000068       0x70 build/driver_uart.o
 .debug_aranges
                0x00000000000000d8       0x48 build/driver_lcd.o
 .debug_aranges
                0x0000000000000120       0x38 build/keypad.o
 .debug_aranges
                0x0000000000000158       0x40 build/homework.o
 .debug_aranges
                0x0000000000000198       0x38 build/main.o
 .debug_aranges
                0x00000000000001d0       0x20 build/gpio.o
 .debug_aranges
                0x00000000000001f0       0x28 build/freertos.o
 .debug_aranges
                0x0000000000000218       0x38 build/tim.o
 .debug_aranges
                0x0000000000000250       0x30 build/usart.o
 .debug_aranges
                0x0000000000000280       0x70 build/stm32f1xx_it.o
 .debug_aranges
                0x00000000000002f0       0x20 build/stm32f1xx_hal_msp.o
 .debug_aranges
                0x0000000000000310       0x30 build/stm32f1xx_hal_timebase_tim.o
 .debug_aranges
                0x0000000000000340       0xe0 build/stm32f1xx_hal.o
 .debug_aranges
                0x0000000000000420       0x90 build/stm32f1xx_hal_rcc.o
 .debug_aranges
                0x00000000000004b0       0x30 build/stm32f1xx_hal_rcc_ex.o
 .debug_aranges
                0x00000000000004e0       0x58 build/stm32f1xx_hal_gpio.o
 .debug_aranges
                0x0000000000000538       0x80 build/stm32f1xx_hal_dma.o
 .debug_aranges
                0x00000000000005b8       0x90 build/stm32f1xx_hal_cortex.o
 .debug_aranges
                0x0000000000000648      0x3d0 build/stm32f1xx_hal_tim.o
 .debug_aranges
                0x0000000000000a18      0x168 build/stm32f1xx_hal_tim_ex.o
 .debug_aranges
                0x0000000000000b80      0x200 build/stm32f1xx_hal_uart.o
 .debug_aranges
                0x0000000000000d80       0x28 build/system_stm32f1xx.o
 .debug_aranges
                0x0000000000000da8       0x40 build/list.o
 .debug_aranges
                0x0000000000000de8      0x158 build/queue.o
 .debug_aranges
                0x0000000000000f40      0x1f8 build/tasks.o
 .debug_aranges
                0x0000000000001138       0xe0 build/timers.o
 .debug_aranges
                0x0000000000001218      0x228 build/cmsis_os2.o
 .debug_aranges
                0x0000000000001440       0x50 build/heap_4.o
 .debug_aranges
                0x0000000000001490       0x78 build/port.o
 .debug_aranges
                0x0000000000001508       0x30 build/adc.o
 .debug_aranges
                0x0000000000001538       0xf0 build/stm32f1xx_hal_adc.o
 .debug_aranges
                0x0000000000001628       0x80 build/stm32f1xx_hal_adc_ex.o
 .debug_aranges
                0x00000000000016a8       0x28 build/startup_stm32f103x6_init.o

.debug_ranges   0x0000000000000000     0x17a8
 .debug_ranges  0x0000000000000000       0x28 build/driver_temp.o
 .debug_ranges  0x0000000000000028       0x20 build/driver_motor.o
 .debug_ranges  0x0000000000000048       0x60 build/driver_uart.o
 .debug_ranges  0x00000000000000a8       0x38 build/driver_lcd.o
 .debug_ranges  0x00000000000000e0       0x58 build/keypad.o
 .debug_ranges  0x0000000000000138       0x60 build/homework.o
 .debug_ranges  0x0000000000000198       0x28 build/main.o
 .debug_ranges  0x00000000000001c0       0x10 build/gpio.o
 .debug_ranges  0x00000000000001d0       0x18 build/freertos.o
 .debug_ranges  0x00000000000001e8       0x28 build/tim.o
 .debug_ranges  0x0000000000000210       0x20 build/usart.o
 .debug_ranges  0x0000000000000230       0x60 build/stm32f1xx_it.o
 .debug_ranges  0x0000000000000290       0x10 build/stm32f1xx_hal_msp.o
 .debug_ranges  0x00000000000002a0       0x20 build/stm32f1xx_hal_timebase_tim.o
 .debug_ranges  0x00000000000002c0       0xd0 build/stm32f1xx_hal.o
 .debug_ranges  0x0000000000000390       0xa0 build/stm32f1xx_hal_rcc.o
 .debug_ranges  0x0000000000000430       0x38 build/stm32f1xx_hal_rcc_ex.o
 .debug_ranges  0x0000000000000468       0x48 build/stm32f1xx_hal_gpio.o
 .debug_ranges  0x00000000000004b0       0x70 build/stm32f1xx_hal_dma.o
 .debug_ranges  0x0000000000000520       0xe0 build/stm32f1xx_hal_cortex.o
 .debug_ranges  0x0000000000000600      0x3c0 build/stm32f1xx_hal_tim.o
 .debug_ranges  0x00000000000009c0      0x158 build/stm32f1xx_hal_tim_ex.o
 .debug_ranges  0x0000000000000b18      0x1f0 build/stm32f1xx_hal_uart.o
 .debug_ranges  0x0000000000000d08       0x18 build/system_stm32f1xx.o
 .debug_ranges  0x0000000000000d20       0x30 build/list.o
 .debug_ranges  0x0000000000000d50      0x218 build/queue.o
 .debug_ranges  0x0000000000000f68      0x320 build/tasks.o
 .debug_ranges  0x0000000000001288       0xd0 build/timers.o
 .debug_ranges  0x0000000000001358      0x218 build/cmsis_os2.o
 .debug_ranges  0x0000000000001570       0x40 build/heap_4.o
 .debug_ranges  0x00000000000015b0       0x68 build/port.o
 .debug_ranges  0x0000000000001618       0x20 build/adc.o
 .debug_ranges  0x0000000000001638       0xe0 build/stm32f1xx_hal_adc.o
 .debug_ranges  0x0000000000001718       0x70 build/stm32f1xx_hal_adc_ex.o
 .debug_ranges  0x0000000000001788       0x20 build/startup_stm32f103x6_init.o

.debug_line     0x0000000000000000    0x190c1
 .debug_line    0x0000000000000000      0x347 build/driver_temp.o
 .debug_line    0x0000000000000347      0x22a build/driver_motor.o
 .debug_line    0x0000000000000571      0x582 build/driver_uart.o
 .debug_line    0x0000000000000af3      0x2e5 build/driver_lcd.o
 .debug_line    0x0000000000000dd8      0x429 build/keypad.o
 .debug_line    0x0000000000001201      0x5ab build/homework.o
 .debug_line    0x00000000000017ac      0x3d2 build/main.o
 .debug_line    0x0000000000001b7e      0x22b build/gpio.o
 .debug_line    0x0000000000001da9      0x185 build/freertos.o
 .debug_line    0x0000000000001f2e      0x366 build/tim.o
 .debug_line    0x0000000000002294      0x2fc build/usart.o
 .debug_line    0x0000000000002590      0x33a build/stm32f1xx_it.o
 .debug_line    0x00000000000028ca      0x1a0 build/stm32f1xx_hal_msp.o
 .debug_line    0x0000000000002a6a      0x285 build/stm32f1xx_hal_timebase_tim.o
 .debug_line    0x0000000000002cef      0x518 build/stm32f1xx_hal.o
 .debug_line    0x0000000000003207      0xc13 build/stm32f1xx_hal_rcc.o
 .debug_line    0x0000000000003e1a      0x485 build/stm32f1xx_hal_rcc_ex.o
 .debug_line    0x000000000000429f      0x5b3 build/stm32f1xx_hal_gpio.o
 .debug_line    0x0000000000004852      0xa3a build/stm32f1xx_hal_dma.o
 .debug_line    0x000000000000528c      0x620 build/stm32f1xx_hal_cortex.o
 .debug_line    0x00000000000058ac     0x461c build/stm32f1xx_hal_tim.o
 .debug_line    0x0000000000009ec8     0x1b21 build/stm32f1xx_hal_tim_ex.o
 .debug_line    0x000000000000b9e9     0x20b3 build/stm32f1xx_hal_uart.o
 .debug_line    0x000000000000da9c      0x22a build/system_stm32f1xx.o
 .debug_line    0x000000000000dcc6      0x35b build/list.o
 .debug_line    0x000000000000e021     0x2013 build/queue.o
 .debug_line    0x0000000000010034     0x2bc2 build/tasks.o
 .debug_line    0x0000000000012bf6      0xde0 build/timers.o
 .debug_line    0x00000000000139d6     0x2cf1 build/cmsis_os2.o
 .debug_line    0x00000000000166c7      0x654 build/heap_4.o
 .debug_line    0x0000000000016d1b      0x593 build/port.o
 .debug_line    0x00000000000172ae      0x30a build/adc.o
 .debug_line    0x00000000000175b8      0xed6 build/stm32f1xx_hal_adc.o
 .debug_line    0x000000000001848e      0xbad build/stm32f1xx_hal_adc_ex.o
 .debug_line    0x000000000001903b       0x86 build/startup_stm32f103x6_init.o

.debug_str      0x0000000000000000     0x730f
 .debug_str     0x0000000000000000      0x52a build/driver_temp.o
                                        0x5ed (size before relaxing)
 .debug_str     0x000000000000052a      0x315 build/driver_motor.o
                                        0x690 (size before relaxing)
 .debug_str     0x000000000000083f      0x432 build/driver_uart.o
                                        0x846 (size before relaxing)
 .debug_str     0x0000000000000c71      0x122 build/driver_lcd.o
                                        0x321 (size before relaxing)
 .debug_str     0x0000000000000d93      0x151 build/keypad.o
                                        0x346 (size before relaxing)
 .debug_str     0x0000000000000ee4       0xfa build/homework.o
                                        0x438 (size before relaxing)
 .debug_str     0x0000000000000fde      0x2e5 build/main.o
                                        0x914 (size before relaxing)
 .debug_str     0x00000000000012c3      0x356 build/gpio.o
                                        0x523 (size before relaxing)
 .debug_str     0x0000000000001619      0x4d5 build/freertos.o
                                        0x64d (size before relaxing)
 .debug_str     0x0000000000001aee      0x1ea build/tim.o
                                        0x8fe (size before relaxing)
 .debug_str     0x0000000000001cd8       0x75 build/usart.o
                                        0x952 (size before relaxing)
 .debug_str     0x0000000000001d4d      0x138 build/stm32f1xx_it.o
                                        0xa83 (size before relaxing)
 .debug_str     0x0000000000001e85       0x5a build/stm32f1xx_hal_msp.o
                                        0x4b2 (size before relaxing)
 .debug_str     0x0000000000001edf       0xe6 build/stm32f1xx_hal_timebase_tim.o
                                        0xa99 (size before relaxing)
 .debug_str     0x0000000000001fc5      0x2d3 build/stm32f1xx_hal.o
                                        0x7cd (size before relaxing)
 .debug_str     0x0000000000002298      0x1cb build/stm32f1xx_hal_rcc.o
                                        0x60e (size before relaxing)
 .debug_str     0x0000000000002463       0x9f build/stm32f1xx_hal_rcc_ex.o
                                        0x3b6 (size before relaxing)
 .debug_str     0x0000000000002502       0xbd build/stm32f1xx_hal_gpio.o
                                        0x3e3 (size before relaxing)
 .debug_str     0x00000000000025bf      0x23a build/stm32f1xx_hal_dma.o
                                        0x5e0 (size before relaxing)
 .debug_str     0x00000000000027f9      0x395 build/stm32f1xx_hal_cortex.o
                                        0x87c (size before relaxing)
 .debug_str     0x0000000000002b8e      0xd77 build/stm32f1xx_hal_tim.o
                                       0x161b (size before relaxing)
 .debug_str     0x0000000000003905      0x524 build/stm32f1xx_hal_tim_ex.o
                                        0xe1c (size before relaxing)
 .debug_str     0x0000000000003e29      0x572 build/stm32f1xx_hal_uart.o
                                        0xc71 (size before relaxing)
 .debug_str     0x000000000000439b       0x52 build/system_stm32f1xx.o
                                        0x237 (size before relaxing)
 .debug_str     0x00000000000043ed      0x145 build/list.o
                                        0x2d8 (size before relaxing)
 .debug_str     0x0000000000004532      0x902 build/queue.o
                                        0xc56 (size before relaxing)
 .debug_str     0x0000000000004e34      0xbf0 build/tasks.o
                                       0x1263 (size before relaxing)
 .debug_str     0x0000000000005a24      0x57c build/timers.o
                                        0xbc9 (size before relaxing)
 .debug_str     0x0000000000005fa0      0xa34 build/cmsis_os2.o
                                       0x18ce (size before relaxing)
 .debug_str     0x00000000000069d4      0x1d8 build/heap_4.o
                                        0x3c1 (size before relaxing)
 .debug_str     0x0000000000006bac      0x180 build/port.o
                                        0x444 (size before relaxing)
 .debug_str     0x0000000000006d2c       0x78 build/adc.o
                                        0x8d9 (size before relaxing)
 .debug_str     0x0000000000006da4      0x2a5 build/stm32f1xx_hal_adc.o
                                        0x8b6 (size before relaxing)
 .debug_str     0x0000000000007049      0x291 build/stm32f1xx_hal_adc_ex.o
                                        0x86f (size before relaxing)
 .debug_str     0x00000000000072da       0x35 build/startup_stm32f103x6_init.o
                                         0x57 (size before relaxing)

.comment        0x0000000000000000       0x44
 .comment       0x0000000000000000       0x44 build/driver_temp.o
                                         0x45 (size before relaxing)
 .comment       0x0000000000000044       0x45 build/driver_motor.o
 .comment       0x0000000000000044       0x45 build/driver_uart.o
 .comment       0x0000000000000044       0x45 build/driver_lcd.o
 .comment       0x0000000000000044       0x45 build/keypad.o
 .comment       0x0000000000000044       0x45 build/homework.o
 .comment       0x0000000000000044       0x45 build/main.o
 .comment       0x0000000000000044       0x45 build/gpio.o
 .comment       0x0000000000000044       0x45 build/freertos.o
 .comment       0x0000000000000044       0x45 build/tim.o
 .comment       0x0000000000000044       0x45 build/usart.o
 .comment       0x0000000000000044       0x45 build/stm32f1xx_it.o
 .comment       0x0000000000000044       0x45 build/stm32f1xx_hal_msp.o
 .comment       0x0000000000000044       0x45 build/stm32f1xx_hal_timebase_tim.o
 .comment       0x0000000000000044       0x45 build/stm32f1xx_hal.o
 .comment       0x0000000000000044       0x45 build/stm32f1xx_hal_rcc.o
 .comment       0x0000000000000044       0x45 build/stm32f1xx_hal_rcc_ex.o
 .comment       0x0000000000000044       0x45 build/stm32f1xx_hal_gpio.o
 .comment       0x0000000000000044       0x45 build/stm32f1xx_hal_dma.o
 .comment       0x0000000000000044       0x45 build/stm32f1xx_hal_cortex.o
 .comment       0x0000000000000044       0x45 build/stm32f1xx_hal_tim.o
 .comment       0x0000000000000044       0x45 build/stm32f1xx_hal_tim_ex.o
 .comment       0x0000000000000044       0x45 build/stm32f1xx_hal_uart.o
 .comment       0x0000000000000044       0x45 build/system_stm32f1xx.o
 .comment       0x0000000000000044       0x45 build/list.o
 .comment       0x0000000000000044       0x45 build/queue.o
 .comment       0x0000000000000044       0x45 build/tasks.o
 .comment       0x0000000000000044       0x45 build/timers.o
 .comment       0x0000000000000044       0x45 build/cmsis_os2.o
 .comment       0x0000000000000044       0x45 build/heap_4.o
 .comment       0x0000000000000044       0x45 build/port.o
 .comment       0x0000000000000044       0x45 build/adc.o
 .comment       0x0000000000000044       0x45 build/stm32f1xx_hal_adc.o
 .comment       0x0000000000000044       0x45 build/stm32f1xx_hal_adc_ex.o

.debug_frame    0x0000000000000000     0x41e8
 .debug_frame   0x0000000000000000       0x80 build/driver_temp.o
 .debug_frame   0x0000000000000080       0x48 build/driver_motor.o
 .debug_frame   0x00000000000000c8      0x160 build/driver_uart.o
 .debug_frame   0x0000000000000228       0xb4 build/driver_lcd.o
 .debug_frame   0x00000000000002dc       0x94 build/keypad.o
 .debug_frame   0x0000000000000370       0x94 build/homework.o
 .debug_frame   0x0000000000000404       0x70 build/main.o
 .debug_frame   0x0000000000000474       0x38 build/gpio.o
 .debug_frame   0x00000000000004ac       0x40 build/freertos.o
 .debug_frame   0x00000000000004ec       0x78 build/tim.o
 .debug_frame   0x0000000000000564       0x64 build/usart.o
 .debug_frame   0x00000000000005c8       0xe8 build/stm32f1xx_it.o
 .debug_frame   0x00000000000006b0       0x2c build/stm32f1xx_hal_msp.o
 .debug_frame   0x00000000000006dc       0x50 build/stm32f1xx_hal_timebase_tim.o
 .debug_frame   0x000000000000072c      0x1cc build/stm32f1xx_hal.o
 .debug_frame   0x00000000000008f8      0x190 build/stm32f1xx_hal_rcc.o
 .debug_frame   0x0000000000000a88       0x64 build/stm32f1xx_hal_rcc_ex.o
 .debug_frame   0x0000000000000aec       0xe4 build/stm32f1xx_hal_gpio.o
 .debug_frame   0x0000000000000bd0      0x144 build/stm32f1xx_hal_dma.o
 .debug_frame   0x0000000000000d14      0x118 build/stm32f1xx_hal_cortex.o
 .debug_frame   0x0000000000000e2c      0xb30 build/stm32f1xx_hal_tim.o
 .debug_frame   0x000000000000195c      0x40c build/stm32f1xx_hal_tim_ex.o
 .debug_frame   0x0000000000001d68      0x5dc build/stm32f1xx_hal_uart.o
 .debug_frame   0x0000000000002344       0x30 build/system_stm32f1xx.o
 .debug_frame   0x0000000000002374       0x70 build/list.o
 .debug_frame   0x00000000000023e4      0x458 build/queue.o
 .debug_frame   0x000000000000283c      0x66c build/tasks.o
 .debug_frame   0x0000000000002ea8      0x2cc build/timers.o
 .debug_frame   0x0000000000003174      0x7bc build/cmsis_os2.o
 .debug_frame   0x0000000000003930       0xb0 build/heap_4.o
 .debug_frame   0x00000000000039e0       0xf0 build/port.o
 .debug_frame   0x0000000000003ad0       0x68 build/adc.o
 .debug_frame   0x0000000000003b38      0x2c4 build/stm32f1xx_hal_adc.o
 .debug_frame   0x0000000000003dfc      0x19c build/stm32f1xx_hal_adc_ex.o
 .debug_frame   0x0000000000003f98       0x2c d:/mips/gnu mcu/arm-none-eabi-gcc-10.2.1-1.1/bin/../lib/gcc/arm-none-eabi/10.2.1/../../../../arm-none-eabi/lib/thumb/v7-m/nofp\libc_nano.a(lib_a-init.o)
 .debug_frame   0x0000000000003fc4       0x38 d:/mips/gnu mcu/arm-none-eabi-gcc-10.2.1-1.1/bin/../lib/gcc/arm-none-eabi/10.2.1/../../../../arm-none-eabi/lib/thumb/v7-m/nofp\libc_nano.a(lib_a-itoa.o)
 .debug_frame   0x0000000000003ffc       0x28 d:/mips/gnu mcu/arm-none-eabi-gcc-10.2.1-1.1/bin/../lib/gcc/arm-none-eabi/10.2.1/../../../../arm-none-eabi/lib/thumb/v7-m/nofp\libc_nano.a(lib_a-memcpy-stub.o)
 .debug_frame   0x0000000000004024       0x20 d:/mips/gnu mcu/arm-none-eabi-gcc-10.2.1-1.1/bin/../lib/gcc/arm-none-eabi/10.2.1/../../../../arm-none-eabi/lib/thumb/v7-m/nofp\libc_nano.a(lib_a-memset.o)
 .debug_frame   0x0000000000004044       0x48 d:/mips/gnu mcu/arm-none-eabi-gcc-10.2.1-1.1/bin/../lib/gcc/arm-none-eabi/10.2.1/../../../../arm-none-eabi/lib/thumb/v7-m/nofp\libc_nano.a(lib_a-utoa.o)
 .debug_frame   0x000000000000408c       0x24 d:/mips/gnu mcu/arm-none-eabi-gcc-10.2.1-1.1/bin/../lib/gcc/arm-none-eabi/10.2.1/thumb/v7-m/nofp\libgcc.a(_arm_mulsf3.o)
 .debug_frame   0x00000000000040b0       0x4c d:/mips/gnu mcu/arm-none-eabi-gcc-10.2.1-1.1/bin/../lib/gcc/arm-none-eabi/10.2.1/thumb/v7-m/nofp\libgcc.a(_arm_addsubsf3.o)
 .debug_frame   0x00000000000040fc       0xc8 d:/mips/gnu mcu/arm-none-eabi-gcc-10.2.1-1.1/bin/../lib/gcc/arm-none-eabi/10.2.1/thumb/v7-m/nofp\libgcc.a(_arm_cmpsf2.o)
 .debug_frame   0x00000000000041c4       0x24 d:/mips/gnu mcu/arm-none-eabi-gcc-10.2.1-1.1/bin/../lib/gcc/arm-none-eabi/10.2.1/thumb/v7-m/nofp\libgcc.a(_arm_fixunssfsi.o)

Cross Reference Table

Symbol                                            File
ADC1_2_IRQHandler                                 build/stm32f1xx_it.o
ADC_ConversionStop_Disable                        build/stm32f1xx_hal_adc.o
                                                  build/stm32f1xx_hal_adc_ex.o
ADC_DMAConvCplt                                   build/stm32f1xx_hal_adc.o
                                                  build/stm32f1xx_hal_adc_ex.o
ADC_DMAError                                      build/stm32f1xx_hal_adc.o
                                                  build/stm32f1xx_hal_adc_ex.o
ADC_DMAHalfConvCplt                               build/stm32f1xx_hal_adc.o
                                                  build/stm32f1xx_hal_adc_ex.o
ADC_Enable                                        build/stm32f1xx_hal_adc.o
                                                  build/stm32f1xx_hal_adc_ex.o
AHBPrescTable                                     build/system_stm32f1xx.o
                                                  build/stm32f1xx_hal_rcc.o
APBPrescTable                                     build/system_stm32f1xx.o
                                                  build/stm32f1xx_hal_rcc.o
BusFault_Handler                                  build/stm32f1xx_it.o
CAN1_RX1_IRQHandler                               build/startup_stm32f103x6_init.o
CAN1_SCE_IRQHandler                               build/startup_stm32f103x6_init.o
DMA1_Channel1_IRQHandler                          build/startup_stm32f103x6_init.o
DMA1_Channel2_IRQHandler                          build/startup_stm32f103x6_init.o
DMA1_Channel3_IRQHandler                          build/startup_stm32f103x6_init.o
DMA1_Channel4_IRQHandler                          build/startup_stm32f103x6_init.o
DMA1_Channel5_IRQHandler                          build/startup_stm32f103x6_init.o
DMA1_Channel6_IRQHandler                          build/startup_stm32f103x6_init.o
DMA1_Channel7_IRQHandler                          build/startup_stm32f103x6_init.o
DebugMon_Handler                                  build/stm32f1xx_it.o
Default_Handler                                   build/startup_stm32f103x6_init.o
EXTI0_IRQHandler                                  build/startup_stm32f103x6_init.o
EXTI15_10_IRQHandler                              build/stm32f1xx_it.o
EXTI1_IRQHandler                                  build/startup_stm32f103x6_init.o
EXTI2_IRQHandler                                  build/startup_stm32f103x6_init.o
EXTI3_IRQHandler                                  build/startup_stm32f103x6_init.o
EXTI4_IRQHandler                                  build/startup_stm32f103x6_init.o
EXTI9_5_IRQHandler                                build/stm32f1xx_it.o
Error_Handler                                     build/main.o
                                                  build/adc.o
                                                  build/usart.o
                                                  build/tim.o
FLASH_IRQHandler                                  build/startup_stm32f103x6_init.o
FLASH_PageErase                                   build/stm32f1xx_hal_flash_ex.o
                                                  build/stm32f1xx_hal_flash.o
FLASH_WaitForLastOperation                        build/stm32f1xx_hal_flash.o
                                                  build/stm32f1xx_hal_flash_ex.o
HAL_ADCEx_Calibration_Start                       build/stm32f1xx_hal_adc_ex.o
HAL_ADCEx_InjectedConfigChannel                   build/stm32f1xx_hal_adc_ex.o
HAL_ADCEx_InjectedConvCpltCallback                build/stm32f1xx_hal_adc_ex.o
                                                  build/stm32f1xx_hal_adc.o
HAL_ADCEx_InjectedGetValue                        build/stm32f1xx_hal_adc_ex.o
HAL_ADCEx_InjectedPollForConversion               build/stm32f1xx_hal_adc_ex.o
HAL_ADCEx_InjectedStart                           build/stm32f1xx_hal_adc_ex.o
HAL_ADCEx_InjectedStart_IT                        build/stm32f1xx_hal_adc_ex.o
HAL_ADCEx_InjectedStop                            build/stm32f1xx_hal_adc_ex.o
HAL_ADCEx_InjectedStop_IT                         build/stm32f1xx_hal_adc_ex.o
HAL_ADCEx_MultiModeConfigChannel                  build/stm32f1xx_hal_adc_ex.o
HAL_ADCEx_MultiModeGetValue                       build/stm32f1xx_hal_adc_ex.o
HAL_ADCEx_MultiModeStart_DMA                      build/stm32f1xx_hal_adc_ex.o
HAL_ADCEx_MultiModeStop_DMA                       build/stm32f1xx_hal_adc_ex.o
HAL_ADC_AnalogWDGConfig                           build/stm32f1xx_hal_adc.o
HAL_ADC_ConfigChannel                             build/stm32f1xx_hal_adc.o
                                                  build/adc.o
HAL_ADC_ConvCpltCallback                          build/driver_temp.o
HAL_ADC_ConvHalfCpltCallback                      build/stm32f1xx_hal_adc.o
HAL_ADC_DeInit                                    build/stm32f1xx_hal_adc.o
HAL_ADC_ErrorCallback                             build/stm32f1xx_hal_adc.o